Microchip MPLAB XC8 Compiler V2.40

Linker command line:

-W-3 \
  --edf=C:\Program Files\Microchip\xc8\v2.40\pic\dat\20220703182018_en.msgs \
  -cn -h+dist/default/production\Ejemplo14_SPI_TFT.X.production.sym \
  --cmf=dist/default/production\Ejemplo14_SPI_TFT.X.production.cmf -z \
  -Q18F57Q43 -oC:\Users\gssan\AppData\Local\Temp\xcAsbvc.4 \
  --defsym=__MPLAB_BUILD=1 --fixupoverflow=error \
  -Mdist/default/production/Ejemplo14_SPI_TFT.X.production.map \
  --md=C:\Users\gssan\AppData\Local\Temp\xcAsbvc.dat -E1 -ver=XC8 Compiler \
  --acfsm=1493 -ACODE=00h-01FFFFh -ACONST=00h-01FFFFh \
  -ASMALLCONST=02600h-026FFhx474 \
  -AMEDIUMCONST=02600h-0FFFFh,012600h-01FFFFh -ACOMRAM=0501h-055Fh \
  -AABS1=0500h-024FFh -ABIGRAM=0501h-024FFh \
  -ARAM=0560h-05FFh,0600h-06FFhx31 -ABANK5=0560h-05FFh -ABANK6=0600h-06FFh \
  -ABANK7=0700h-07FFh -ABANK8=0800h-08FFh -ABANK9=0900h-09FFh \
  -ABANK10=0A00h-0AFFh -ABANK11=0B00h-0BFFh -ABANK12=0C00h-0CFFh \
  -ABANK13=0D00h-0DFFh -ABANK14=0E00h-0EFFh -ABANK15=0F00h-0FFFh \
  -ABANK16=01000h-010FFh -ABANK17=01100h-011FFh -ABANK18=01200h-012FFh \
  -ABANK19=01300h-013FFh -ABANK20=01400h-014FFh -ABANK21=01500h-015FFh \
  -ABANK22=01600h-016FFh -ABANK23=01700h-017FFh -ABANK24=01800h-018FFh \
  -ABANK25=01900h-019FFh -ABANK26=01A00h-01AFFh -ABANK27=01B00h-01BFFh \
  -ABANK28=01C00h-01CFFh -ABANK29=01D00h-01DFFh -ABANK30=01E00h-01EFFh \
  -ABANK31=01F00h-01FFFh -ABANK32=02000h-020FFh -ABANK33=02100h-021FFh \
  -ABANK34=02200h-022FFh -ABANK35=02300h-023FFh -ABANK36=02400h-024FFh \
  -ASFR=00h-0FFhx4,0400h-045Fh,0460h-04FFh,02500h-025FFh \
  -ABIGSFR=00h-04FFh,02500h-025FFh -ACONFIG=0300000h-0300011h \
  -AIDLOC=0200000h-020003Fh -AEEDATA=0380000h-03803FFh -peeprom_data=EEDATA \
  -preset_vec=00h -ppowerup=CODE,init -pramtop=02600h \
  -psmallconst=SMALLCONST -pmediumconst=MEDIUMCONST -pconst=CONST \
  -AFARRAM=00h-00h \
  -prdata=COMRAM,nvrram=COMRAM,nvbit=COMRAM,rbss=COMRAM,rbit=COMRAM \
  -pfarbss=FARRAM,fardata=FARRAM,nvFARRAM=FARRAM \
  -pintsave_regs=BIGRAM,bigbss=BIGRAM,bigdata=BIGRAM -pbss=RAM \
  -pidata=CODE,irdata=CODE,ibigdata=CODE,ifardata=CODE -prparam=COMRAM \
  C:\Users\gssan\AppData\Local\Temp\xcAsbvc.o \
  dist/default/production\Ejemplo14_SPI_TFT.X.production.o 

Object code version is 3.11

Machine type is 18F57Q43



                Name                               Link     Load   Length Selector   Space Scale
C:\Users\gssan\AppData\Local\Temp\xcAsbvc.o
                idloc                            200000   200000       40        0       5
                config                           300000   300000        A        0       4
                init                              1FFFC    1FFFC        4     FFFE       0
                reset_vec                             0        0        4        0       0
dist/default/production\Ejemplo14_SPI_TFT.X.production.o
                idloc                            200000   200000       40        0       5
                config                           300000   300000        A        0       4
                mediumconst                        FB18     FB18      4E8     7D8C       0
                text22                            11054    11054       1C     8000       0
                text21                            10C88    10C88       B6     8000       0
                text20                            11030    11030       24     8000       0
                text19                            1108A    1108A       1A     8000       0
                text18                            110BA    110BA       12     8000       0
                text17                            1100A    1100A       26     8000       0
                text16                            110A4    110A4       16     8000       0
                text15                            110DC    110DC       10     8000       0
                text14                            110CC    110CC       10     8000       0
                text13                            11070    11070       1A     8000       0
                text12                            10FDC    10FDC       2E     8000       0
                text11                            10BC0    10BC0       C8     8000       0
                text10                            10F68    10F68       3C     8000       0
                text9                             10AC2    10AC2       FE     8000       0
                text8                             10882    10882      130     8000       0
                text7                             10E8A    10E8A       98     8000       0
                text6                             10D3E    10D3E       AA     8000       0
                text5                             10000    10000      4C0     8000       0
                text4                             10F22    10F22       46     8000       0
                text3                             10DE8    10DE8       A2     8000       0
                text2                             104C0    104C0      3C2     8000       0
                text1                             10FA4    10FA4       38     8000       0
                text0                             109B2    109B2      110     8000       0
                cstackCOMRAM                        501      501       37      501       1
                cinit                             110EC    110EC        A     8000       0

TOTAL           Name                               Link     Load   Length     Space
        CLASS   CODE           
                init                              1FFFC    1FFFC        4         0
                reset_vec                             0        0        4         0
                text22                            11054    11054       1C         0
                text21                            10C88    10C88       B6         0
                text20                            11030    11030       24         0
                text19                            1108A    1108A       1A         0
                text18                            110BA    110BA       12         0
                text17                            1100A    1100A       26         0
                text16                            110A4    110A4       16         0
                text15                            110DC    110DC       10         0
                text14                            110CC    110CC       10         0
                text13                            11070    11070       1A         0
                text12                            10FDC    10FDC       2E         0
                text11                            10BC0    10BC0       C8         0
                text10                            10F68    10F68       3C         0
                text9                             10AC2    10AC2       FE         0
                text8                             10882    10882      130         0
                text7                             10E8A    10E8A       98         0
                text6                             10D3E    10D3E       AA         0
                text5                             10000    10000      4C0         0
                text4                             10F22    10F22       46         0
                text3                             10DE8    10DE8       A2         0
                text2                             104C0    104C0      3C2         0
                text1                             10FA4    10FA4       38         0
                text0                             109B2    109B2      110         0
                cinit                             110EC    110EC        A         0

        CLASS   CONST          

        CLASS   SMALLCONST     

        CLASS   MEDIUMCONST    
                mediumconst                        FB18     FB18      4E8         0

        CLASS   COMRAM         
                cstackCOMRAM                        501      501       37         1

        CLASS   ABS1           

        CLASS   BIGRAM         

        CLASS   RAM            

        CLASS   BANK5          

        CLASS   BANK6          

        CLASS   BANK7          

        CLASS   BANK8          

        CLASS   BANK9          

        CLASS   BANK10         

        CLASS   BANK11         

        CLASS   BANK12         

        CLASS   BANK13         

        CLASS   BANK14         

        CLASS   BANK15         

        CLASS   BANK16         

        CLASS   BANK17         

        CLASS   BANK18         

        CLASS   BANK19         

        CLASS   BANK20         

        CLASS   BANK21         

        CLASS   BANK22         

        CLASS   BANK23         

        CLASS   BANK24         

        CLASS   BANK25         

        CLASS   BANK26         

        CLASS   BANK27         

        CLASS   BANK28         

        CLASS   BANK29         

        CLASS   BANK30         

        CLASS   BANK31         

        CLASS   BANK32         

        CLASS   BANK33         

        CLASS   BANK34         

        CLASS   BANK35         

        CLASS   BANK36         

        CLASS   SFR            

        CLASS   BIGSFR         

        CLASS   CONFIG         
                config                           300000   300000        A         4

        CLASS   IDLOC          
                idloc                            200000   200000       40         5

        CLASS   EEDATA         

        CLASS   FARRAM         

        CLASS   HEAP           

        CLASS   STACK          



SEGMENTS        Name                           Load    Length   Top    Selector   Space  Class

                reset_vec                      000000  000004  000004         0       0  CODE    
                cstackCOMRAM                   000501  000037  000538       501       1  COMRAM  
                mediumconst                    00FB18  0004E8  010000      7D8C       0  MEDIUMCO
                text5                          010000  0010F6  0110F6      8000       0  CODE    
                init                           01FFFC  000004  020000      FFFE       0  CODE    


UNUSED ADDRESS RANGES

        Name                Unused          Largest block    Delta
        BANK10           000A00-000AFF              100
        BANK11           000B00-000BFF              100
        BANK12           000C00-000CFF              100
        BANK13           000D00-000DFF              100
        BANK14           000E00-000EFF              100
        BANK15           000F00-000FFF              100
        BANK16           001000-0010FF              100
        BANK17           001100-0011FF              100
        BANK18           001200-0012FF              100
        BANK19           001300-0013FF              100
        BANK20           001400-0014FF              100
        BANK21           001500-0015FF              100
        BANK22           001600-0016FF              100
        BANK23           001700-0017FF              100
        BANK24           001800-0018FF              100
        BANK25           001900-0019FF              100
        BANK26           001A00-001AFF              100
        BANK27           001B00-001BFF              100
        BANK28           001C00-001CFF              100
        BANK29           001D00-001DFF              100
        BANK30           001E00-001EFF              100
        BANK31           001F00-001FFF              100
        BANK32           002000-0020FF              100
        BANK33           002100-0021FF              100
        BANK34           002200-0022FF              100
        BANK35           002300-0023FF              100
        BANK36           002400-0024FF              100
        BANK5            000560-0005FF               A0
        BANK6            000600-0006FF              100
        BANK7            000700-0007FF              100
        BANK8            000800-0008FF              100
        BANK9            000900-0009FF              100
        BIGRAM           000538-0024FF             1FC8
        BIGSFR           000000-0004FF              500
                         002500-0025FF              100
        CODE             000004-00FB17             FB14
                         0110F6-01FFFB             EF06
        COMRAM           000538-00055F               28
        CONFIG           30000A-300011                8
        CONST            000004-00FB17             FB14
                         0110F6-01FFFB             EF06
        EEDATA           380000-3803FF              400
        MEDIUMCONST      002600-00FB17             D518
                         012600-01FFFB             D9FC
        RAM              000560-0024FF              100
        SFR              000000-0004FF              100
                         002500-0025FF              100
        SMALLCONST       002600-00FB17              100
                         0110F6-01FFFB              100

                                  Symbol Table

?___fladd                       cstackCOMRAM 000501
?___flsub                       cstackCOMRAM 000511
?___wmul                        cstackCOMRAM 000501
_ACTCON                         (abs)        0000AC
_ANSELA                         (abs)        000400
_ANSELB                         (abs)        000408
_ANSELC                         (abs)        000410
_ANSELD                         (abs)        000418
_ANSELE                         (abs)        000420
_ANSELF                         (abs)        000428
_FontLarge                      mediumconst  00FB1E
_INLVLA                         (abs)        000404
_INLVLB                         (abs)        00040C
_INLVLC                         (abs)        000414
_INLVLD                         (abs)        00041C
_INLVLE                         (abs)        000424
_INLVLF                         (abs)        00042C
_LATA                           (abs)        0004BE
_LATA3                          (abs)        0025F3
_LATA4                          (abs)        0025F4
_LATB                           (abs)        0004BF
_LATC                           (abs)        0004C0
_LATD                           (abs)        0004C1
_LATD4                          (abs)        00260C
_LATE                           (abs)        0004C2
_LATE2                          (abs)        002612
_LATF                           (abs)        0004C3
_ODCONA                         (abs)        000402
_ODCONB                         (abs)        00040A
_ODCONC                         (abs)        000412
_ODCOND                         (abs)        00041A
_ODCONE                         (abs)        000422
_ODCONF                         (abs)        00042A
_OSCCON1                        (abs)        0000AD
_OSCCON3                        (abs)        0000AF
_OSCEN                          (abs)        0000B3
_OSCFRQ                         (abs)        0000B1
_OSCILLATOR_Initialize          text22       011054
_OSCTUNE                        (abs)        0000B0
_PIN_MANAGER_Initialize         text21       010C88
_PIR3bits                       (abs)        0004B1
_PMD0                           (abs)        000060
_PMD1                           (abs)        000061
_PMD3                           (abs)        000063
_PMD4                           (abs)        000064
_PMD5                           (abs)        000065
_PMD6                           (abs)        000066
_PMD7                           (abs)        000067
_PMD8                           (abs)        000068
_PMD_Initialize                 text20       011030
_RB1I2C                         (abs)        000289
_RB2I2C                         (abs)        000288
_RC3I2C                         (abs)        000287
_RC4I2C                         (abs)        000286
_RC4PPS                         (abs)        000215
_RC6PPS                         (abs)        000217
_SLRCONA                        (abs)        000403
_SLRCONB                        (abs)        00040B
_SLRCONC                        (abs)        000413
_SLRCOND                        (abs)        00041B
_SLRCONE                        (abs)        000423
_SLRCONF                        (abs)        00042B
_SPI1BAUD                       (abs)        000089
_SPI1CLK                        (abs)        00008C
_SPI1CON0                       (abs)        000084
_SPI1CON0bits                   (abs)        000084
_SPI1CON1                       (abs)        000085
_SPI1CON2                       (abs)        000086
_SPI1RXB                        (abs)        000080
_SPI1SCKPPS                     (abs)        00026A
_SPI1SDIPPS                     (abs)        00026B
_SPI1TCNTL                      (abs)        000082
_SPI1TXB                        (abs)        000081
_SPI1_Initialize                text19       01108A
_SYSTEM_Initialize              text18       0110BA
_TRISA                          (abs)        0004C6
_TRISB                          (abs)        0004C7
_TRISC                          (abs)        0004C8
_TRISCbits                      (abs)        0004C8
_TRISD                          (abs)        0004C9
_TRISE                          (abs)        0004CA
_TRISF                          (abs)        0004CB
_WPUA                           (abs)        000401
_WPUB                           (abs)        000409
_WPUC                           (abs)        000411
_WPUD                           (abs)        000419
_WPUE                           (abs)        000421
_WPUF                           (abs)        000429
__HRAM                          (abs)        000000
__Habs1                         abs1         000000
__Hbank10                       bank10       000000
__Hbank11                       bank11       000000
__Hbank12                       bank12       000000
__Hbank13                       bank13       000000
__Hbank14                       bank14       000000
__Hbank15                       bank15       000000
__Hbank16                       bank16       000000
__Hbank17                       bank17       000000
__Hbank18                       bank18       000000
__Hbank19                       bank19       000000
__Hbank20                       bank20       000000
__Hbank21                       bank21       000000
__Hbank22                       bank22       000000
__Hbank23                       bank23       000000
__Hbank24                       bank24       000000
__Hbank25                       bank25       000000
__Hbank26                       bank26       000000
__Hbank27                       bank27       000000
__Hbank28                       bank28       000000
__Hbank29                       bank29       000000
__Hbank30                       bank30       000000
__Hbank31                       bank31       000000
__Hbank32                       bank32       000000
__Hbank33                       bank33       000000
__Hbank34                       bank34       000000
__Hbank35                       bank35       000000
__Hbank36                       bank36       000000
__Hbank5                        bank5        000000
__Hbank6                        bank6        000000
__Hbank7                        bank7        000000
__Hbank8                        bank8        000000
__Hbank9                        bank9        000000
__Hbigbss                       bigbss       000000
__Hbigdata                      bigdata      000000
__Hbigram                       bigram       000000
__Hbigsfr                       bigsfr       000000
__Hbss                          bss          000000
__Hcinit                        cinit        000000
__Hclrtext                      clrtext      000000
__Hcomram                       comram       000000
__Hconfig                       config       30000A
__Hconst                        const        000000
__HcstackCOMRAM                 cstackCOMRAM 000000
__Hdata                         data         000000
__Heeprom_data                  eeprom_data  000000
__Hfarbss                       farbss       000000
__Hfardata                      fardata      000000
__Hheap                         heap         000000
__Hibigdata                     ibigdata     000000
__Hidata                        idata        000000
__Hidloc                        idloc        200040
__Hifardata                     ifardata     000000
__Hinit                         init         020000
__Hintsave_regs                 intsave_regs 000000
__Hirdata                       irdata       000000
__Hmediumconst                  mediumconst  010000
__HnvFARRAM                     nvFARRAM     000000
__Hnvbit                        nvbit        000000
__Hnvrram                       nvrram       000000
__Hparam                        rparam       000000
__Hpowerup                      powerup      000000
__Hram                          ram          000000
__Hramtop                       ramtop       002600
__Hrbit                         rbit         000000
__Hrbss                         rbss         000000
__Hrdata                        rdata        000000
__Hreset_vec                    reset_vec    000004
__Hrparam                       rparam       000000
__Hsfr                          sfr          000000
__Hsmallconst                   smallconst   000000
__Hspace_0                      (abs)        020000
__Hspace_1                      (abs)        000538
__Hspace_2                      (abs)        000000
__Hspace_4                      (abs)        60000A
__Hstack                        stack        000000
__Hstruct                       struct       000000
__Htemp                         temp         000000
__Htext                         text         000000
__Htext0                        text0        000000
__Htext1                        text1        000000
__Htext10                       text10       000000
__Htext11                       text11       000000
__Htext12                       text12       000000
__Htext13                       text13       000000
__Htext14                       text14       000000
__Htext15                       text15       000000
__Htext16                       text16       000000
__Htext17                       text17       000000
__Htext18                       text18       000000
__Htext19                       text19       000000
__Htext2                        text2        000000
__Htext20                       text20       000000
__Htext21                       text21       000000
__Htext22                       text22       000000
__Htext3                        text3        000000
__Htext4                        text4        000000
__Htext5                        text5        000000
__Htext6                        text6        000000
__Htext7                        text7        000000
__Htext8                        text8        000000
__Htext9                        text9        000000
__LRAM                          (abs)        000001
__Labs1                         abs1         000000
__Lbank10                       bank10       000000
__Lbank11                       bank11       000000
__Lbank12                       bank12       000000
__Lbank13                       bank13       000000
__Lbank14                       bank14       000000
__Lbank15                       bank15       000000
__Lbank16                       bank16       000000
__Lbank17                       bank17       000000
__Lbank18                       bank18       000000
__Lbank19                       bank19       000000
__Lbank20                       bank20       000000
__Lbank21                       bank21       000000
__Lbank22                       bank22       000000
__Lbank23                       bank23       000000
__Lbank24                       bank24       000000
__Lbank25                       bank25       000000
__Lbank26                       bank26       000000
__Lbank27                       bank27       000000
__Lbank28                       bank28       000000
__Lbank29                       bank29       000000
__Lbank30                       bank30       000000
__Lbank31                       bank31       000000
__Lbank32                       bank32       000000
__Lbank33                       bank33       000000
__Lbank34                       bank34       000000
__Lbank35                       bank35       000000
__Lbank36                       bank36       000000
__Lbank5                        bank5        000000
__Lbank6                        bank6        000000
__Lbank7                        bank7        000000
__Lbank8                        bank8        000000
__Lbank9                        bank9        000000
__Lbigbss                       bigbss       000000
__Lbigdata                      bigdata      000000
__Lbigram                       bigram       000000
__Lbigsfr                       bigsfr       000000
__Lbss                          bss          000000
__Lcinit                        cinit        000000
__Lclrtext                      clrtext      000000
__Lcomram                       comram       000000
__Lconfig                       config       000000
__Lconst                        const        000000
__LcstackCOMRAM                 cstackCOMRAM 000000
__Ldata                         data         000000
__Leeprom_data                  eeprom_data  000000
__Lfarbss                       farbss       000000
__Lfardata                      fardata      000000
__Lheap                         heap         000000
__Libigdata                     ibigdata     000000
__Lidata                        idata        000000
__Lidloc                        idloc        000000
__Lifardata                     ifardata     000000
__Linit                         init         01FFFC
__Lintsave_regs                 intsave_regs 000000
__Lirdata                       irdata       000000
__Lmediumconst                  mediumconst  00FB18
__LnvFARRAM                     nvFARRAM     000000
__Lnvbit                        nvbit        000000
__Lnvrram                       nvrram       000000
__Lparam                        rparam       000000
__Lpowerup                      powerup      000000
__Lram                          ram          000000
__Lramtop                       ramtop       002600
__Lrbit                         rbit         000000
__Lrbss                         rbss         000000
__Lrdata                        rdata        000000
__Lreset_vec                    reset_vec    000000
__Lrparam                       rparam       000000
__Lsfr                          sfr          000000
__Lsmallconst                   smallconst   000000
__Lspace_0                      (abs)        000000
__Lspace_1                      (abs)        000000
__Lspace_2                      (abs)        000000
__Lspace_4                      (abs)        000000
__Lstack                        stack        000000
__Lstruct                       struct       000000
__Ltemp                         temp         000000
__Ltext                         text         000000
__Ltext0                        text0        000000
__Ltext1                        text1        000000
__Ltext10                       text10       000000
__Ltext11                       text11       000000
__Ltext12                       text12       000000
__Ltext13                       text13       000000
__Ltext14                       text14       000000
__Ltext15                       text15       000000
__Ltext16                       text16       000000
__Ltext17                       text17       000000
__Ltext18                       text18       000000
__Ltext19                       text19       000000
__Ltext2                        text2        000000
__Ltext20                       text20       000000
__Ltext21                       text21       000000
__Ltext22                       text22       000000
__Ltext3                        text3        000000
__Ltext4                        text4        000000
__Ltext5                        text5        000000
__Ltext6                        text6        000000
__Ltext7                        text7        000000
__Ltext8                        text8        000000
__Ltext9                        text9        000000
__S0                            (abs)        020000
__S1                            (abs)        000538
__S4                            (abs)        000000
__S5                            (abs)        000000
___fladd                        text5        010000
___fladd@a                      cstackCOMRAM 000505
___fladd@aexp                   cstackCOMRAM 00050E
___fladd@b                      cstackCOMRAM 000501
___fladd@bexp                   cstackCOMRAM 00050F
___fladd@grs                    cstackCOMRAM 000510
___fladd@signs                  cstackCOMRAM 00050D
___fleq                         text6        010D3E
___fleq@ff1                     cstackCOMRAM 000519
___fleq@ff2                     cstackCOMRAM 00051D
___flsub                        text4        010F22
___flsub@a                      cstackCOMRAM 000515
___flsub@b                      cstackCOMRAM 000511
___heap_hi                      (abs)        000000
___heap_lo                      (abs)        000000
___inthi_sp                     stack        000000
___intlo_sp                     stack        000000
___param_bank                   (abs)        000000
___rparam_used                  (abs)        000001
___sp                           stack        000000
___wmul                         text17       01100A
___wmul@multiplicand            cstackCOMRAM 000503
___wmul@multiplier              cstackCOMRAM 000501
___wmul@product                 cstackCOMRAM 000505
__accesstop                     (abs)        000560
__activetblptr                  (abs)        000002
__end_of_FontLarge              mediumconst  00FFF1
__end_of_OSCILLATOR_Initialize  text22       011070
__end_of_PIN_MANAGER_Initialize text21       010D3E
__end_of_PMD_Initialize         text20       011054
__end_of_SPI1_Initialize        text19       0110A4
__end_of_SYSTEM_Initialize      text18       0110CC
__end_of___fladd                text5        0104C0
__end_of___fleq                 text6        010DE8
__end_of___flsub                text4        010F68
__end_of___wmul                 text17       011030
__end_of__initialization        cinit        0110EC
__end_of_delay_ms               text3        010E8A
__end_of_draw_char              text8        0109B2
__end_of_draw_pixel             text10       010FA4
__end_of_draw_string            text7        010F22
__end_of_fill_rectangle         text9        010BC0
__end_of_lcd_init               text1        010FDC
__end_of_lcd_init_command_list  text2        010882
__end_of_lcd_write_command      text15       0110EC
__end_of_lcd_write_data         text14       0110DC
__end_of_lcd_write_register     text13       01108A
__end_of_main                   text0        010AC2
__end_of_set_draw_window        text11       010C88
__end_of_spi1_configuration     mediumconst  00FB1E
__end_of_spi_write              text16       0110BA
__end_of_swap_char              text12       01100A
__initialization                cinit        0110EC
__mediumconst                   mediumconst  00FB18
__pcinit                        cinit        0110EC
__pcstackCOMRAM                 cstackCOMRAM 000501
__pmediumconst                  mediumconst  00FB18
__ptext0                        text0        0109B2
__ptext1                        text1        010FA4
__ptext10                       text10       010F68
__ptext11                       text11       010BC0
__ptext12                       text12       010FDC
__ptext13                       text13       011070
__ptext14                       text14       0110CC
__ptext15                       text15       0110DC
__ptext16                       text16       0110A4
__ptext17                       text17       01100A
__ptext18                       text18       0110BA
__ptext19                       text19       01108A
__ptext2                        text2        0104C0
__ptext20                       text20       011030
__ptext21                       text21       010C88
__ptext22                       text22       011054
__ptext3                        text3        010DE8
__ptext4                        text4        010F22
__ptext5                        text5        010000
__ptext6                        text6        010D3E
__ptext7                        text7        010E8A
__ptext8                        text8        010882
__ptext9                        text9        010AC2
__ramtop                        ramtop       002600
__smallconst                    smallconst   000000
_delay_ms                       text3        010DE8
_draw_char                      text8        010882
_draw_pixel                     text10       010F68
_draw_string                    text7        010E8A
_fill_rectangle                 text9        010AC2
_lcd_init                       text1        010FA4
_lcd_init_command_list          text2        0104C0
_lcd_write_command              text15       0110DC
_lcd_write_data                 text14       0110CC
_lcd_write_register             text13       011070
_main                           text0        0109B2
_set_draw_window                text11       010BC0
_spi1_configuration             mediumconst  00FB19
_spi_write                      text16       0110A4
_swap_char                      text12       010FDC
delay_ms@counter                cstackCOMRAM 00052B
delay_ms@millis                 cstackCOMRAM 000525
delay_ms@multiplier             cstackCOMRAM 000529
draw_char@c                     cstackCOMRAM 00051B
draw_char@colour                cstackCOMRAM 00051C
draw_char@font_index            cstackCOMRAM 000521
draw_char@i                     cstackCOMRAM 000525
draw_char@j                     cstackCOMRAM 000527
draw_char@line                  cstackCOMRAM 000523
draw_char@size                  cstackCOMRAM 00051E
draw_char@x                     cstackCOMRAM 000524
draw_char@y                     cstackCOMRAM 00051A
draw_pixel@colour               cstackCOMRAM 00050C
draw_pixel@x                    cstackCOMRAM 00050E
draw_pixel@y                    cstackCOMRAM 00050B
draw_string@char_pos            cstackCOMRAM 000533
draw_string@char_width          cstackCOMRAM 000531
draw_string@colour              cstackCOMRAM 00052A
draw_string@counter             cstackCOMRAM 000536
draw_string@size                cstackCOMRAM 00052C
draw_string@str                 cstackCOMRAM 00052D
draw_string@x                   cstackCOMRAM 000535
draw_string@y                   cstackCOMRAM 000529
end_of_initialization           cinit        0110EC
fill_rectangle@colour           cstackCOMRAM 00050E
fill_rectangle@colour_high      cstackCOMRAM 000517
fill_rectangle@colour_low       cstackCOMRAM 000518
fill_rectangle@x                cstackCOMRAM 000515
fill_rectangle@x1               cstackCOMRAM 000519
fill_rectangle@x2               cstackCOMRAM 00050C
fill_rectangle@y                cstackCOMRAM 000513
fill_rectangle@y1               cstackCOMRAM 00050B
fill_rectangle@y2               cstackCOMRAM 00050D
intlevel0                       text         000000
intlevel1                       text         000000
intlevel2                       text         000000
intlevel3                       text         000000
isa$std                         (abs)        000001
isa$xinst                       (abs)        000000
lcd_write_command@data          cstackCOMRAM 000502
lcd_write_data@data             cstackCOMRAM 000502
lcd_write_register@data         cstackCOMRAM 000505
lcd_write_register@reg          cstackCOMRAM 000503
set_draw_window@x1              cstackCOMRAM 00050A
set_draw_window@x2              cstackCOMRAM 000508
set_draw_window@y1              cstackCOMRAM 000507
set_draw_window@y2              cstackCOMRAM 000509
spi_write@data                  cstackCOMRAM 000501
stackhi                         (abs)        000000
stacklo                         (abs)        000000
start                           init         01FFFC
start_initialization            cinit        0110EC
swap_char@num1                  cstackCOMRAM 000501
swap_char@num2                  cstackCOMRAM 000503
swap_char@temp                  cstackCOMRAM 000505


MODULE INFORMATION

Module		Function		Class		Link	Load	Size
C:\Program Files\Microchip\xc8\v2.40\pic\sources\c99\common\Umul16.c
		___wmul        		CODE           	1100A	0000	38

C:\Program Files\Microchip\xc8\v2.40\pic\sources\c99\common\Umul16.c estimated size: 38

C:\Program Files\Microchip\xc8\v2.40\pic\sources\c99\common\fleq.c
		___fleq        		CODE           	10D3E	0000	170

C:\Program Files\Microchip\xc8\v2.40\pic\sources\c99\common\fleq.c estimated size: 170

mcc_generated_files/pin_manager.c
		_PIN_MANAGER_Initialize		CODE           	10C88	0000	182

mcc_generated_files/pin_manager.c estimated size: 182

mcc_generated_files/spi1.c
		_SPI1_Initialize		CODE           	1108A	0000	26

mcc_generated_files/spi1.c estimated size: 26

C:\Program Files\Microchip\xc8\v2.40\pic\sources\c99\common\sprcadd.c
		___flsub       		CODE           	10F22	0000	70
		___fladd       		CODE           	10000	0000	1216

C:\Program Files\Microchip\xc8\v2.40\pic\sources\c99\common\sprcadd.c estimated size: 1286

shared
		__initialization		CODE           	110EC	0000	1
		_FontLarge     		MEDIUMCONST    	FB1E	0000	1235
		_spi1_configuration		MEDIUMCONST    	FB19	0000	5

shared estimated size: 1241

mcc_generated_files/mcc.c
		_PMD_Initialize		CODE           	11030	0000	36
		_OSCILLATOR_Initialize		CODE           	11054	0000	28
		_SYSTEM_Initialize		CODE           	110BA	0000	18

mcc_generated_files/mcc.c estimated size: 82

ILI9225.c
		_lcd_write_data		CODE           	110CC	0000	16
		_draw_pixel    		CODE           	10F68	0000	60
		_spi_write     		CODE           	110A4	0000	22
		_set_draw_window		CODE           	10BC0	0000	200
		_lcd_write_register		CODE           	11070	0000	26
		_swap_char     		CODE           	10FDC	0000	46
		_fill_rectangle		CODE           	10AC2	0000	254
		_draw_string   		CODE           	10E8A	0000	152
		_lcd_init_command_list		CODE           	104C0	0000	962
		_delay_ms      		CODE           	10DE8	0000	162
		_draw_char     		CODE           	10882	0000	304
		_lcd_write_command		CODE           	110DC	0000	16
		_lcd_init      		CODE           	10FA4	0000	56

ILI9225.c estimated size: 2276

main.c
		_main          		CODE           	109B2	0000	272

main.c estimated size: 272

