Microchip MPLAB XC8 Compiler V2.40

Linker command line:

-W-3 \
  --edf=C:\Program Files\Microchip\xc8\v2.40\pic\dat\20220703182018_en.msgs \
  -pivt0x400=0400h -cn \
  -h+dist/default/production\Ejemplo8_UART.X.production.sym \
  --cmf=dist/default/production\Ejemplo8_UART.X.production.cmf -z \
  -Q18F57Q43 -oC:\Users\gssan\AppData\Local\Temp\xcAs8ok.4 \
  --defsym=__MPLAB_BUILD=1 --fixupoverflow=error \
  -Mdist/default/production/Ejemplo8_UART.X.production.map \
  --md=C:\Users\gssan\AppData\Local\Temp\xcAs8ok.dat -E1 -ver=XC8 Compiler \
  --acfsm=1493 -ACODE=00h-01FFFFh -ACONST=00h-01FFFFh \
  -ASMALLCONST=02600h-026FFhx474 \
  -AMEDIUMCONST=02600h-0FFFFh,012600h-01FFFFh -ACOMRAM=0501h-055Fh \
  -AABS1=0500h-024FFh -ABIGRAM=0501h-024FFh \
  -ARAM=0560h-05FFh,0600h-06FFhx31 -ABANK5=0560h-05FFh -ABANK6=0600h-06FFh \
  -ABANK7=0700h-07FFh -ABANK8=0800h-08FFh -ABANK9=0900h-09FFh \
  -ABANK10=0A00h-0AFFh -ABANK11=0B00h-0BFFh -ABANK12=0C00h-0CFFh \
  -ABANK13=0D00h-0DFFh -ABANK14=0E00h-0EFFh -ABANK15=0F00h-0FFFh \
  -ABANK16=01000h-010FFh -ABANK17=01100h-011FFh -ABANK18=01200h-012FFh \
  -ABANK19=01300h-013FFh -ABANK20=01400h-014FFh -ABANK21=01500h-015FFh \
  -ABANK22=01600h-016FFh -ABANK23=01700h-017FFh -ABANK24=01800h-018FFh \
  -ABANK25=01900h-019FFh -ABANK26=01A00h-01AFFh -ABANK27=01B00h-01BFFh \
  -ABANK28=01C00h-01CFFh -ABANK29=01D00h-01DFFh -ABANK30=01E00h-01EFFh \
  -ABANK31=01F00h-01FFFh -ABANK32=02000h-020FFh -ABANK33=02100h-021FFh \
  -ABANK34=02200h-022FFh -ABANK35=02300h-023FFh -ABANK36=02400h-024FFh \
  -ASFR=00h-0FFhx4,0400h-045Fh,0460h-04FFh,02500h-025FFh \
  -ABIGSFR=00h-04FFh,02500h-025FFh -ACONFIG=0300000h-0300011h \
  -AIDLOC=0200000h-020003Fh -AEEDATA=0380000h-03803FFh -peeprom_data=EEDATA \
  -preset_vec=00h -ppowerup=CODE,init -pramtop=02600h \
  -psmallconst=SMALLCONST -pmediumconst=MEDIUMCONST -pconst=CONST \
  -AFARRAM=00h-00h \
  -prdata=COMRAM,nvrram=COMRAM,nvbit=COMRAM,rbss=COMRAM,rbit=COMRAM \
  -pfarbss=FARRAM,fardata=FARRAM,nvFARRAM=FARRAM \
  -pintsave_regs=BIGRAM,bigbss=BIGRAM,bigdata=BIGRAM -pbss=RAM \
  -pidata=CODE,irdata=CODE,ibigdata=CODE,ifardata=CODE -prparam=COMRAM \
  C:\Users\gssan\AppData\Local\Temp\xcAs8ok.o \
  dist/default/production\Ejemplo8_UART.X.production.o 

Object code version is 3.11

Machine type is 18F57Q43



                Name                               Link     Load   Length Selector   Space Scale
C:\Users\gssan\AppData\Local\Temp\xcAs8ok.o
                idloc                            200000   200000       40        0       5
                config                           300000   300000        A        0       4
                init                                4FA      4FA        4      200       0
                reset_vec                             0        0        4        0       0
dist/default/production\Ejemplo8_UART.X.production.o
                idloc                            200000   200000       40        0       5
                config                           300000   300000        A        0       4
                smallconst                         2600     2600       14     1300       0
                ivt0x400                            400      400       FA      200       0
                text7                              2730     2730        4     130A       0
                text6                              2734     2734        2     130A       0
                text5                              2724     2724        C     130A       0
                text4                              26CE     26CE       22     130A       0
                text3                              265C     265C       3C     130A       0
                text2                              270C     270C       18     130A       0
                text1                              2698     2698       36     130A       0
                text0                              2614     2614       48     130A       0
                cstackCOMRAM                        501      501        B      501       1
                cinit                              26F0     26F0       1C     130A       0

TOTAL           Name                               Link     Load   Length     Space
        CLASS   CODE           
                init                                4FA      4FA        4         0
                reset_vec                             0        0        4         0
                ivt0x400                            400      400       FA         0
                text7                              2730     2730        4         0
                text6                              2734     2734        2         0
                text5                              2724     2724        C         0
                text4                              26CE     26CE       22         0
                text3                              265C     265C       3C         0
                text2                              270C     270C       18         0
                text1                              2698     2698       36         0
                text0                              2614     2614       48         0
                cinit                              26F0     26F0       1C         0

        CLASS   CONST          

        CLASS   SMALLCONST     
                smallconst                         2600     2600       14         0

        CLASS   MEDIUMCONST    

        CLASS   COMRAM         
                cstackCOMRAM                        501      501        B         1

        CLASS   ABS1           

        CLASS   BIGRAM         

        CLASS   RAM            

        CLASS   BANK5          

        CLASS   BANK6          

        CLASS   BANK7          

        CLASS   BANK8          

        CLASS   BANK9          

        CLASS   BANK10         

        CLASS   BANK11         

        CLASS   BANK12         

        CLASS   BANK13         

        CLASS   BANK14         

        CLASS   BANK15         

        CLASS   BANK16         

        CLASS   BANK17         

        CLASS   BANK18         

        CLASS   BANK19         

        CLASS   BANK20         

        CLASS   BANK21         

        CLASS   BANK22         

        CLASS   BANK23         

        CLASS   BANK24         

        CLASS   BANK25         

        CLASS   BANK26         

        CLASS   BANK27         

        CLASS   BANK28         

        CLASS   BANK29         

        CLASS   BANK30         

        CLASS   BANK31         

        CLASS   BANK32         

        CLASS   BANK33         

        CLASS   BANK34         

        CLASS   BANK35         

        CLASS   BANK36         

        CLASS   SFR            

        CLASS   BIGSFR         

        CLASS   CONFIG         
                config                           300000   300000        A         4

        CLASS   IDLOC          
                idloc                            200000   200000       40         5

        CLASS   EEDATA         

        CLASS   FARRAM         

        CLASS   HEAP           

        CLASS   STACK          



SEGMENTS        Name                           Load    Length   Top    Selector   Space  Class

                reset_vec                      000000  000004  000004         0       0  CODE    
                ivt0x400                       000400  0000FE  0004FE       200       0  CODE    
                cstackCOMRAM                   000501  00000B  00050C       501       1  COMRAM  
                smallconst                     002600  000014  002614      1300       0  SMALLCON
                text0                          002614  000122  002736      130A       0  CODE    


UNUSED ADDRESS RANGES

        Name                Unused          Largest block    Delta
        BANK10           000A00-000AFF              100
        BANK11           000B00-000BFF              100
        BANK12           000C00-000CFF              100
        BANK13           000D00-000DFF              100
        BANK14           000E00-000EFF              100
        BANK15           000F00-000FFF              100
        BANK16           001000-0010FF              100
        BANK17           001100-0011FF              100
        BANK18           001200-0012FF              100
        BANK19           001300-0013FF              100
        BANK20           001400-0014FF              100
        BANK21           001500-0015FF              100
        BANK22           001600-0016FF              100
        BANK23           001700-0017FF              100
        BANK24           001800-0018FF              100
        BANK25           001900-0019FF              100
        BANK26           001A00-001AFF              100
        BANK27           001B00-001BFF              100
        BANK28           001C00-001CFF              100
        BANK29           001D00-001DFF              100
        BANK30           001E00-001EFF              100
        BANK31           001F00-001FFF              100
        BANK32           002000-0020FF              100
        BANK33           002100-0021FF              100
        BANK34           002200-0022FF              100
        BANK35           002300-0023FF              100
        BANK36           002400-0024FF              100
        BANK5            000560-0005FF               A0
        BANK6            000600-0006FF              100
        BANK7            000700-0007FF              100
        BANK8            000800-0008FF              100
        BANK9            000900-0009FF              100
        BIGRAM           00050C-0024FF             1FF4
        BIGSFR           000000-0004FF              500
                         002500-0025FF              100
        CODE             000004-0003FF              3FC
                         0004FE-0025FF             2102
                         002736-01FFFF            1D8CA
        COMRAM           00050C-00055F               54
        CONFIG           30000A-300011                8
        CONST            000004-0003FF              3FC
                         0004FE-0025FF             2102
                         002736-01FFFF            1D8CA
        EEDATA           380000-3803FF              400
        MEDIUMCONST      002736-00FFFF             D8CA
                         012600-01FFFF             DA00
        RAM              000560-0024FF              100
        SFR              000000-0004FF              100
                         002500-0025FF              100
        SMALLCONST       002736-01FFFF              100

                                  Symbol Table

IVTBASEH                  (abs)        00045E
IVTBASEL                  (abs)        00045D
IVTBASEU                  (abs)        00045F
UART_Init@Baud            cstackCOMRAM 000501
UART_PutC@ch              cstackCOMRAM 000501
UART_PutS@ch              cstackCOMRAM 000502
_ANSELF                   (abs)        000428
_ConfigClock              text5        002724
_DEFAULT_ISR              text6        002734
_HP_ISR                   text7        002730
_INLVLF                   (abs)        00042C
_INTCON0bits              (abs)        0004D6
_IPR4bits                 (abs)        000366
_IVTBASEH                 (abs)        00045E
_IVTBASEL                 (abs)        00045D
_IVTBASEU                 (abs)        00045F
_Interrupt_Config         text4        0026CE
_ODCONF                   (abs)        00042A
_OSCCON1                  (abs)        0000AD
_OSCFRQ                   (abs)        0000B1
_PIE4bits                 (abs)        0004A2
_PIR4bits                 (abs)        0004B2
_RF0PPS                   (abs)        000229
_SLRCONF                  (abs)        00042B
_TRISF                    (abs)        0004CB
_U1BRG                    (abs)        0002AE
_U1CON0bits               (abs)        0002AB
_U1CON1bits               (abs)        0002AC
_U1ERRIRbits              (abs)        0002B2
_U1RXPPSbits              (abs)        000272
_U1TXB                    (abs)        0002A3
_UART_Init                text3        00265C
_UART_PutC                text2        00270C
_UART_PutS                text1        002698
_WPUF                     (abs)        000429
__HRAM                    (abs)        000000
__Habs1                   abs1         000000
__Hbank10                 bank10       000000
__Hbank11                 bank11       000000
__Hbank12                 bank12       000000
__Hbank13                 bank13       000000
__Hbank14                 bank14       000000
__Hbank15                 bank15       000000
__Hbank16                 bank16       000000
__Hbank17                 bank17       000000
__Hbank18                 bank18       000000
__Hbank19                 bank19       000000
__Hbank20                 bank20       000000
__Hbank21                 bank21       000000
__Hbank22                 bank22       000000
__Hbank23                 bank23       000000
__Hbank24                 bank24       000000
__Hbank25                 bank25       000000
__Hbank26                 bank26       000000
__Hbank27                 bank27       000000
__Hbank28                 bank28       000000
__Hbank29                 bank29       000000
__Hbank30                 bank30       000000
__Hbank31                 bank31       000000
__Hbank32                 bank32       000000
__Hbank33                 bank33       000000
__Hbank34                 bank34       000000
__Hbank35                 bank35       000000
__Hbank36                 bank36       000000
__Hbank5                  bank5        000000
__Hbank6                  bank6        000000
__Hbank7                  bank7        000000
__Hbank8                  bank8        000000
__Hbank9                  bank9        000000
__Hbigbss                 bigbss       000000
__Hbigdata                bigdata      000000
__Hbigram                 bigram       000000
__Hbigsfr                 bigsfr       000000
__Hbss                    bss          000000
__Hcinit                  cinit        000000
__Hclrtext                clrtext      000000
__Hcomram                 comram       000000
__Hconfig                 config       30000A
__Hconst                  const        000000
__HcstackCOMRAM           cstackCOMRAM 000000
__Hdata                   data         000000
__Heeprom_data            eeprom_data  000000
__Hfarbss                 farbss       000000
__Hfardata                fardata      000000
__Hheap                   heap         000000
__Hibigdata               ibigdata     000000
__Hidata                  idata        000000
__Hidloc                  idloc        200040
__Hifardata               ifardata     000000
__Hinit                   init         0004FE
__Hintsave_regs           intsave_regs 000000
__Hirdata                 irdata       000000
__Hivt0x400               ivt0x400     0004FA
__Hmediumconst            mediumconst  000000
__HnvFARRAM               nvFARRAM     000000
__Hnvbit                  nvbit        000000
__Hnvrram                 nvrram       000000
__Hparam                  rparam       000000
__Hpowerup                powerup      000000
__Hram                    ram          000000
__Hramtop                 ramtop       002600
__Hrbit                   rbit         000000
__Hrbss                   rbss         000000
__Hrdata                  rdata        000000
__Hreset_vec              reset_vec    000004
__Hrparam                 rparam       000000
__Hsfr                    sfr          000000
__Hsmallconst             smallconst   002614
__Hspace_0                (abs)        002736
__Hspace_1                (abs)        00050C
__Hspace_2                (abs)        000000
__Hspace_4                (abs)        60000A
__Hstack                  stack        000000
__Hstruct                 struct       000000
__Htemp                   temp         000000
__Htext                   text         000000
__Htext0                  text0        000000
__Htext1                  text1        000000
__Htext2                  text2        000000
__Htext3                  text3        000000
__Htext4                  text4        000000
__Htext5                  text5        000000
__Htext6                  text6        000000
__Htext7                  text7        000000
__LRAM                    (abs)        000001
__Labs1                   abs1         000000
__Lbank10                 bank10       000000
__Lbank11                 bank11       000000
__Lbank12                 bank12       000000
__Lbank13                 bank13       000000
__Lbank14                 bank14       000000
__Lbank15                 bank15       000000
__Lbank16                 bank16       000000
__Lbank17                 bank17       000000
__Lbank18                 bank18       000000
__Lbank19                 bank19       000000
__Lbank20                 bank20       000000
__Lbank21                 bank21       000000
__Lbank22                 bank22       000000
__Lbank23                 bank23       000000
__Lbank24                 bank24       000000
__Lbank25                 bank25       000000
__Lbank26                 bank26       000000
__Lbank27                 bank27       000000
__Lbank28                 bank28       000000
__Lbank29                 bank29       000000
__Lbank30                 bank30       000000
__Lbank31                 bank31       000000
__Lbank32                 bank32       000000
__Lbank33                 bank33       000000
__Lbank34                 bank34       000000
__Lbank35                 bank35       000000
__Lbank36                 bank36       000000
__Lbank5                  bank5        000000
__Lbank6                  bank6        000000
__Lbank7                  bank7        000000
__Lbank8                  bank8        000000
__Lbank9                  bank9        000000
__Lbigbss                 bigbss       000000
__Lbigdata                bigdata      000000
__Lbigram                 bigram       000000
__Lbigsfr                 bigsfr       000000
__Lbss                    bss          000000
__Lcinit                  cinit        000000
__Lclrtext                clrtext      000000
__Lcomram                 comram       000000
__Lconfig                 config       000000
__Lconst                  const        000000
__LcstackCOMRAM           cstackCOMRAM 000000
__Ldata                   data         000000
__Leeprom_data            eeprom_data  000000
__Lfarbss                 farbss       000000
__Lfardata                fardata      000000
__Lheap                   heap         000000
__Libigdata               ibigdata     000000
__Lidata                  idata        000000
__Lidloc                  idloc        000000
__Lifardata               ifardata     000000
__Linit                   init         0004FA
__Lintsave_regs           intsave_regs 000000
__Lirdata                 irdata       000000
__Livt0x400               ivt0x400     000400
__Lmediumconst            mediumconst  000000
__LnvFARRAM               nvFARRAM     000000
__Lnvbit                  nvbit        000000
__Lnvrram                 nvrram       000000
__Lparam                  rparam       000000
__Lpowerup                powerup      000000
__Lram                    ram          000000
__Lramtop                 ramtop       002600
__Lrbit                   rbit         000000
__Lrbss                   rbss         000000
__Lrdata                  rdata        000000
__Lreset_vec              reset_vec    000000
__Lrparam                 rparam       000000
__Lsfr                    sfr          000000
__Lsmallconst             smallconst   002600
__Lspace_0                (abs)        000000
__Lspace_1                (abs)        000000
__Lspace_2                (abs)        000000
__Lspace_4                (abs)        000000
__Lstack                  stack        000000
__Lstruct                 struct       000000
__Ltemp                   temp         000000
__Ltext                   text         000000
__Ltext0                  text0        000000
__Ltext1                  text1        000000
__Ltext2                  text2        000000
__Ltext3                  text3        000000
__Ltext4                  text4        000000
__Ltext5                  text5        000000
__Ltext6                  text6        000000
__Ltext7                  text7        000000
__S0                      (abs)        002736
__S1                      (abs)        00050C
__S4                      (abs)        000000
__S5                      (abs)        000000
___heap_hi                (abs)        000000
___heap_lo                (abs)        000000
___inthi_sp               stack        000000
___intlo_sp               stack        000000
___param_bank             (abs)        000000
___rparam_used            (abs)        000001
___sp                     stack        000000
__accesstop               (abs)        000560
__activetblptr            (abs)        000001
__end_of_ConfigClock      text5        002730
__end_of_DEFAULT_ISR      text6        002736
__end_of_HP_ISR           text7        002734
__end_of_Interrupt_Config text4        0026F0
__end_of_UART_Init        text3        002698
__end_of_UART_PutC        text2        002724
__end_of_UART_PutS        text1        0026CE
__end_of__initialization  cinit        0026FE
__end_of_main             text0        00265C
__initialization          cinit        0026F0
__mediumconst             mediumconst  000000
__pcinit                  cinit        0026F0
__pcstackCOMRAM           cstackCOMRAM 000501
__pivt0x400               ivt0x400     000400
__psmallconst             smallconst   002600
__ptext0                  text0        002614
__ptext1                  text1        002698
__ptext2                  text2        00270C
__ptext3                  text3        00265C
__ptext4                  text4        0026CE
__ptext5                  text5        002724
__ptext6                  text6        002734
__ptext7                  text7        002730
__ramtop                  ramtop       002600
__smallconst              smallconst   002600
_main                     text0        002614
end_of_initialization     cinit        0026FE
intlevel0                 text         000000
intlevel1                 text         000000
intlevel2                 text         000000
intlevel3                 text         000000
isa$std                   (abs)        000001
isa$xinst                 (abs)        000000
ivt0x400_base             ivt0x400     000400
ivt0x400_undefint         ivt0x400     0004F8
stackhi                   (abs)        000000
stacklo                   (abs)        000000
start                     init         0004FA
start_initialization      cinit        0026F0


MODULE INFORMATION

Module		Function		Class		Link	Load	Size
shared
		__initialization		CODE           	26F0	0000	14

shared estimated size: 14

Interrupt.c
		_Interrupt_Config		CODE           	26CE	0000	34
		_HP_ISR        		CODE           	2730	0000	4
		_DEFAULT_ISR   		CODE           	2734	0000	2

Interrupt.c estimated size: 40

MAIN.c
		_main          		CODE           	2614	0000	72

MAIN.c estimated size: 72

Uart.c
		_UART_Init     		CODE           	265C	0000	60
		_UART_PutC     		CODE           	270C	0000	24
		_UART_PutS     		CODE           	2698	0000	54

Uart.c estimated size: 138

Config.c
		_ConfigClock   		CODE           	2724	0000	12

Config.c estimated size: 12

