Microchip MPLAB XC8 Compiler V2.40

Linker command line:

-W-3 \
  --edf=C:\Program Files\Microchip\xc8\v2.40\pic\dat\20220703182018_en.msgs \
  -pivt0x400=0400h -cn \
  -h+dist/default/production\Ejemplo8_UART.X.production.sym \
  --cmf=dist/default/production\Ejemplo8_UART.X.production.cmf -z \
  -Q18F57Q43 -oC:\Users\gssan\AppData\Local\Temp\xcAs47s.4 \
  --defsym=__MPLAB_BUILD=1 --fixupoverflow=error \
  -Mdist/default/production/Ejemplo8_UART.X.production.map \
  --md=C:\Users\gssan\AppData\Local\Temp\xcAs47s.dat -E1 -ver=XC8 Compiler \
  --acfsm=1493 -ACODE=00h-01FFFFh -ACONST=00h-01FFFFh \
  -ASMALLCONST=02600h-026FFhx474 \
  -AMEDIUMCONST=02600h-0FFFFh,012600h-01FFFFh -ACOMRAM=0501h-055Fh \
  -AABS1=0500h-024FFh -ABIGRAM=0501h-024FFh \
  -ARAM=0560h-05FFh,0600h-06FFhx31 -ABANK5=0560h-05FFh -ABANK6=0600h-06FFh \
  -ABANK7=0700h-07FFh -ABANK8=0800h-08FFh -ABANK9=0900h-09FFh \
  -ABANK10=0A00h-0AFFh -ABANK11=0B00h-0BFFh -ABANK12=0C00h-0CFFh \
  -ABANK13=0D00h-0DFFh -ABANK14=0E00h-0EFFh -ABANK15=0F00h-0FFFh \
  -ABANK16=01000h-010FFh -ABANK17=01100h-011FFh -ABANK18=01200h-012FFh \
  -ABANK19=01300h-013FFh -ABANK20=01400h-014FFh -ABANK21=01500h-015FFh \
  -ABANK22=01600h-016FFh -ABANK23=01700h-017FFh -ABANK24=01800h-018FFh \
  -ABANK25=01900h-019FFh -ABANK26=01A00h-01AFFh -ABANK27=01B00h-01BFFh \
  -ABANK28=01C00h-01CFFh -ABANK29=01D00h-01DFFh -ABANK30=01E00h-01EFFh \
  -ABANK31=01F00h-01FFFh -ABANK32=02000h-020FFh -ABANK33=02100h-021FFh \
  -ABANK34=02200h-022FFh -ABANK35=02300h-023FFh -ABANK36=02400h-024FFh \
  -ASFR=00h-0FFhx4,0400h-045Fh,0460h-04FFh,02500h-025FFh \
  -ABIGSFR=00h-04FFh,02500h-025FFh -ACONFIG=0300000h-0300011h \
  -AIDLOC=0200000h-020003Fh -AEEDATA=0380000h-03803FFh -peeprom_data=EEDATA \
  -preset_vec=00h -ppowerup=CODE,init -pramtop=02600h \
  -psmallconst=SMALLCONST -pmediumconst=MEDIUMCONST -pconst=CONST \
  -AFARRAM=00h-00h \
  -prdata=COMRAM,nvrram=COMRAM,nvbit=COMRAM,rbss=COMRAM,rbit=COMRAM \
  -pfarbss=FARRAM,fardata=FARRAM,nvFARRAM=FARRAM \
  -pintsave_regs=BIGRAM,bigbss=BIGRAM,bigdata=BIGRAM -pbss=RAM \
  -pidata=CODE,irdata=CODE,ibigdata=CODE,ifardata=CODE -prparam=COMRAM \
  C:\Users\gssan\AppData\Local\Temp\xcAs47s.o \
  dist/default/production\Ejemplo8_UART.X.production.o 

Object code version is 3.11

Machine type is 18F57Q43



                Name                               Link     Load   Length Selector   Space Scale
C:\Users\gssan\AppData\Local\Temp\xcAs47s.o
                idloc                            200000   200000       40        0       5
                config                           300000   300000        A        0       4
                init                                4FA      4FA        4      200       0
                reset_vec                             0        0        4        0       0
dist/default/production\Ejemplo8_UART.X.production.o
                idloc                            200000   200000       40        0       5
                config                           300000   300000        A        0       4
                smallconst                         2600     2600        C     1300       0
                ivt0x400                            400      400       FA      200       0
                text12                             2910     2910       42     1306       0
                text11                             2A34     2A34        2      A8D       0
                text10                             2A1C     2A1C        C     1306       0
                text9                              29E2     29E2       22     1306       0
                text8                              2952     2952       3E     1306       0
                text7                              2A04     2A04       18     1306       0
                text6                              2A28     2A28        A     1306       0
                text5                              279A     279A       96     1306       0
                text4                              2700     2700       9A     1306       0
                text3                              260C     260C       F4     1306       0
                text2                              28BE     28BE       52     1306       0
                text1                              29BC     29BC       26     1306       0
                text0                              2830     2830       8E     1306       0
                cstackCOMRAM                        501      501       3B      501       1
                bssBANK5                            560      560       20      560       1
                bssCOMRAM                           53C      53C        6      501       1
                cinit                              2990     2990       2C     1306       0

TOTAL           Name                               Link     Load   Length     Space
        CLASS   CODE           
                init                                4FA      4FA        4         0
                reset_vec                             0        0        4         0
                ivt0x400                            400      400       FA         0
                text12                             2910     2910       42         0
                text11                             2A34     2A34        2         0
                text10                             2A1C     2A1C        C         0
                text9                              29E2     29E2       22         0
                text8                              2952     2952       3E         0
                text7                              2A04     2A04       18         0
                text6                              2A28     2A28        A         0
                text5                              279A     279A       96         0
                text4                              2700     2700       9A         0
                text3                              260C     260C       F4         0
                text2                              28BE     28BE       52         0
                text1                              29BC     29BC       26         0
                text0                              2830     2830       8E         0
                cinit                              2990     2990       2C         0

        CLASS   CONST          

        CLASS   SMALLCONST     
                smallconst                         2600     2600        C         0

        CLASS   MEDIUMCONST    

        CLASS   COMRAM         
                cstackCOMRAM                        501      501       3B         1
                bssCOMRAM                           53C      53C        6         1

        CLASS   ABS1           

        CLASS   BIGRAM         

        CLASS   RAM            

        CLASS   BANK5          
                bssBANK5                            560      560       20         1

        CLASS   BANK6          

        CLASS   BANK7          

        CLASS   BANK8          

        CLASS   BANK9          

        CLASS   BANK10         

        CLASS   BANK11         

        CLASS   BANK12         

        CLASS   BANK13         

        CLASS   BANK14         

        CLASS   BANK15         

        CLASS   BANK16         

        CLASS   BANK17         

        CLASS   BANK18         

        CLASS   BANK19         

        CLASS   BANK20         

        CLASS   BANK21         

        CLASS   BANK22         

        CLASS   BANK23         

        CLASS   BANK24         

        CLASS   BANK25         

        CLASS   BANK26         

        CLASS   BANK27         

        CLASS   BANK28         

        CLASS   BANK29         

        CLASS   BANK30         

        CLASS   BANK31         

        CLASS   BANK32         

        CLASS   BANK33         

        CLASS   BANK34         

        CLASS   BANK35         

        CLASS   BANK36         

        CLASS   SFR            

        CLASS   BIGSFR         

        CLASS   CONFIG         
                config                           300000   300000        A         4

        CLASS   IDLOC          
                idloc                            200000   200000       40         5

        CLASS   EEDATA         

        CLASS   FARRAM         

        CLASS   HEAP           

        CLASS   STACK          



SEGMENTS        Name                           Load    Length   Top    Selector   Space  Class

                reset_vec                      000000  000004  000004         0       0  CODE    
                ivt0x400                       000400  0000FE  0004FE       200       0  CODE    
                cstackCOMRAM                   000501  000041  000542       501       1  COMRAM  
                bssBANK5                       000560  000020  000580       560       1  BANK5   
                smallconst                     002600  00000C  00260C      1300       0  SMALLCON
                text3                          00260C  000426  002A32      1306       0  CODE    
                text11                         002A34  000002  002A36       A8D       0  CODE    


UNUSED ADDRESS RANGES

        Name                Unused          Largest block    Delta
        BANK10           000A00-000AFF              100
        BANK11           000B00-000BFF              100
        BANK12           000C00-000CFF              100
        BANK13           000D00-000DFF              100
        BANK14           000E00-000EFF              100
        BANK15           000F00-000FFF              100
        BANK16           001000-0010FF              100
        BANK17           001100-0011FF              100
        BANK18           001200-0012FF              100
        BANK19           001300-0013FF              100
        BANK20           001400-0014FF              100
        BANK21           001500-0015FF              100
        BANK22           001600-0016FF              100
        BANK23           001700-0017FF              100
        BANK24           001800-0018FF              100
        BANK25           001900-0019FF              100
        BANK26           001A00-001AFF              100
        BANK27           001B00-001BFF              100
        BANK28           001C00-001CFF              100
        BANK29           001D00-001DFF              100
        BANK30           001E00-001EFF              100
        BANK31           001F00-001FFF              100
        BANK32           002000-0020FF              100
        BANK33           002100-0021FF              100
        BANK34           002200-0022FF              100
        BANK35           002300-0023FF              100
        BANK36           002400-0024FF              100
        BANK5            000580-0005FF               80
        BANK6            000600-0006FF              100
        BANK7            000700-0007FF              100
        BANK8            000800-0008FF              100
        BANK9            000900-0009FF              100
        BIGRAM           000542-00055F               1E
                         000580-0024FF             1F80
        BIGSFR           000000-0004FF              500
                         002500-0025FF              100
        CODE             000004-0003FF              3FC
                         0004FE-0025FF             2102
                         002A32-002A33                2
                         002A36-01FFFF            1D5CA
        COMRAM           000542-00055F               1E
        CONFIG           30000A-300011                8
        CONST            000004-0003FF              3FC
                         0004FE-0025FF             2102
                         002A32-002A33                2
                         002A36-01FFFF            1D5CA
        EEDATA           380000-3803FF              400
        MEDIUMCONST      002A32-002A33                2
                         002A36-00FFFF             D5CA
                         012600-01FFFF             DA00
        RAM              000580-0024FF              100
        SFR              000000-0004FF              100
                         002500-0025FF              100
        SMALLCONST       002A32-002A33                2
                         002A36-01FFFF              100

                                  Symbol Table

?_printf                  cstackCOMRAM 000527
?_vfprintf                cstackCOMRAM 00051F
IVTBASEH                  (abs)        00045E
IVTBASEL                  (abs)        00045D
IVTBASEU                  (abs)        00045F
UART_Init@Baud            cstackCOMRAM 000503
UART_PutC@ch              cstackCOMRAM 000503
_ANSELF                   (abs)        000428
_ConfigClock              text10       002A1C
_DEFAULT_ISR              text11       002A34
_HP_ISR                   text12       002910
_INLVLF                   (abs)        00042C
_INTCON0bits              (abs)        0004D6
_IPR4bits                 (abs)        000366
_IVTBASEH                 (abs)        00045E
_IVTBASEL                 (abs)        00045D
_IVTBASEU                 (abs)        00045F
_Interrupt_Config         text9        0029E2
_LATFbits                 (abs)        0004C3
_ODCONF                   (abs)        00042A
_OSCCON1                  (abs)        0000AD
_OSCFRQ                   (abs)        0000B1
_PIE4bits                 (abs)        0004A2
_PIR4bits                 (abs)        0004B2
_RF0PPS                   (abs)        000229
_SLRCONF                  (abs)        00042B
_TRISF                    (abs)        0004CB
_U1BRG                    (abs)        0002AE
_U1CON0bits               (abs)        0002AB
_U1CON1bits               (abs)        0002AC
_U1ERRIRbits              (abs)        0002B2
_U1RXB                    (abs)        0002A1
_U1RXPPS                  (abs)        000272
_U1TXB                    (abs)        0002A3
_UART_Init                text8        002952
_UART_PutC                text7        002A04
_WPUF                     (abs)        000429
__HRAM                    (abs)        000000
__Habs1                   abs1         000000
__Hbank10                 bank10       000000
__Hbank11                 bank11       000000
__Hbank12                 bank12       000000
__Hbank13                 bank13       000000
__Hbank14                 bank14       000000
__Hbank15                 bank15       000000
__Hbank16                 bank16       000000
__Hbank17                 bank17       000000
__Hbank18                 bank18       000000
__Hbank19                 bank19       000000
__Hbank20                 bank20       000000
__Hbank21                 bank21       000000
__Hbank22                 bank22       000000
__Hbank23                 bank23       000000
__Hbank24                 bank24       000000
__Hbank25                 bank25       000000
__Hbank26                 bank26       000000
__Hbank27                 bank27       000000
__Hbank28                 bank28       000000
__Hbank29                 bank29       000000
__Hbank30                 bank30       000000
__Hbank31                 bank31       000000
__Hbank32                 bank32       000000
__Hbank33                 bank33       000000
__Hbank34                 bank34       000000
__Hbank35                 bank35       000000
__Hbank36                 bank36       000000
__Hbank5                  bank5        000000
__Hbank6                  bank6        000000
__Hbank7                  bank7        000000
__Hbank8                  bank8        000000
__Hbank9                  bank9        000000
__Hbigbss                 bigbss       000000
__Hbigdata                bigdata      000000
__Hbigram                 bigram       000000
__Hbigsfr                 bigsfr       000000
__Hbss                    bss          000000
__HbssBANK5               bssBANK5     000000
__HbssCOMRAM              bssCOMRAM    000000
__Hcinit                  cinit        000000
__Hclrtext                clrtext      000000
__Hcomram                 comram       000000
__Hconfig                 config       30000A
__Hconst                  const        000000
__HcstackCOMRAM           cstackCOMRAM 000000
__Hdata                   data         000000
__Heeprom_data            eeprom_data  000000
__Hfarbss                 farbss       000000
__Hfardata                fardata      000000
__Hheap                   heap         000000
__Hibigdata               ibigdata     000000
__Hidata                  idata        000000
__Hidloc                  idloc        200040
__Hifardata               ifardata     000000
__Hinit                   init         0004FE
__Hintsave_regs           intsave_regs 000000
__Hirdata                 irdata       000000
__Hivt0x400               ivt0x400     0004FA
__Hmediumconst            mediumconst  000000
__HnvFARRAM               nvFARRAM     000000
__Hnvbit                  nvbit        000000
__Hnvrram                 nvrram       000000
__Hparam                  rparam       000000
__Hpowerup                powerup      000000
__Hram                    ram          000000
__Hramtop                 ramtop       002600
__Hrbit                   rbit         000000
__Hrbss                   rbss         000000
__Hrdata                  rdata        000000
__Hreset_vec              reset_vec    000004
__Hrparam                 rparam       000000
__Hsfr                    sfr          000000
__Hsmallconst             smallconst   00260C
__Hspace_0                (abs)        002A36
__Hspace_1                (abs)        000580
__Hspace_2                (abs)        000000
__Hspace_4                (abs)        60000A
__Hstack                  stack        000000
__Hstruct                 struct       000000
__Htemp                   temp         000000
__Htext                   text         000000
__Htext0                  text0        000000
__Htext1                  text1        000000
__Htext10                 text10       000000
__Htext11                 text11       000000
__Htext12                 text12       000000
__Htext2                  text2        000000
__Htext3                  text3        000000
__Htext4                  text4        000000
__Htext5                  text5        000000
__Htext6                  text6        000000
__Htext7                  text7        000000
__Htext8                  text8        000000
__Htext9                  text9        000000
__LRAM                    (abs)        000001
__Labs1                   abs1         000000
__Lbank10                 bank10       000000
__Lbank11                 bank11       000000
__Lbank12                 bank12       000000
__Lbank13                 bank13       000000
__Lbank14                 bank14       000000
__Lbank15                 bank15       000000
__Lbank16                 bank16       000000
__Lbank17                 bank17       000000
__Lbank18                 bank18       000000
__Lbank19                 bank19       000000
__Lbank20                 bank20       000000
__Lbank21                 bank21       000000
__Lbank22                 bank22       000000
__Lbank23                 bank23       000000
__Lbank24                 bank24       000000
__Lbank25                 bank25       000000
__Lbank26                 bank26       000000
__Lbank27                 bank27       000000
__Lbank28                 bank28       000000
__Lbank29                 bank29       000000
__Lbank30                 bank30       000000
__Lbank31                 bank31       000000
__Lbank32                 bank32       000000
__Lbank33                 bank33       000000
__Lbank34                 bank34       000000
__Lbank35                 bank35       000000
__Lbank36                 bank36       000000
__Lbank5                  bank5        000000
__Lbank6                  bank6        000000
__Lbank7                  bank7        000000
__Lbank8                  bank8        000000
__Lbank9                  bank9        000000
__Lbigbss                 bigbss       000000
__Lbigdata                bigdata      000000
__Lbigram                 bigram       000000
__Lbigsfr                 bigsfr       000000
__Lbss                    bss          000000
__LbssBANK5               bssBANK5     000000
__LbssCOMRAM              bssCOMRAM    000000
__Lcinit                  cinit        000000
__Lclrtext                clrtext      000000
__Lcomram                 comram       000000
__Lconfig                 config       000000
__Lconst                  const        000000
__LcstackCOMRAM           cstackCOMRAM 000000
__Ldata                   data         000000
__Leeprom_data            eeprom_data  000000
__Lfarbss                 farbss       000000
__Lfardata                fardata      000000
__Lheap                   heap         000000
__Libigdata               ibigdata     000000
__Lidata                  idata        000000
__Lidloc                  idloc        000000
__Lifardata               ifardata     000000
__Linit                   init         0004FA
__Lintsave_regs           intsave_regs 000000
__Lirdata                 irdata       000000
__Livt0x400               ivt0x400     000400
__Lmediumconst            mediumconst  000000
__LnvFARRAM               nvFARRAM     000000
__Lnvbit                  nvbit        000000
__Lnvrram                 nvrram       000000
__Lparam                  rparam       000000
__Lpowerup                powerup      000000
__Lram                    ram          000000
__Lramtop                 ramtop       002600
__Lrbit                   rbit         000000
__Lrbss                   rbss         000000
__Lrdata                  rdata        000000
__Lreset_vec              reset_vec    000000
__Lrparam                 rparam       000000
__Lsfr                    sfr          000000
__Lsmallconst             smallconst   002600
__Lspace_0                (abs)        000000
__Lspace_1                (abs)        000000
__Lspace_2                (abs)        000000
__Lspace_4                (abs)        000000
__Lstack                  stack        000000
__Lstruct                 struct       000000
__Ltemp                   temp         000000
__Ltext                   text         000000
__Ltext0                  text0        000000
__Ltext1                  text1        000000
__Ltext10                 text10       000000
__Ltext11                 text11       000000
__Ltext12                 text12       000000
__Ltext2                  text2        000000
__Ltext3                  text3        000000
__Ltext4                  text4        000000
__Ltext5                  text5        000000
__Ltext6                  text6        000000
__Ltext7                  text7        000000
__Ltext8                  text8        000000
__Ltext9                  text9        000000
__S0                      (abs)        002A36
__S1                      (abs)        000580
__S4                      (abs)        000000
__S5                      (abs)        000000
___heap_hi                (abs)        000000
___heap_lo                (abs)        000000
___inthi_sp               stack        000000
___intlo_sp               stack        000000
___param_bank             (abs)        000000
___rparam_used            (abs)        000001
___sp                     stack        000000
__accesstop               (abs)        000560
__activetblptr            (abs)        000003
__end_of_ConfigClock      text10       002A28
__end_of_DEFAULT_ISR      text11       002A36
__end_of_HP_ISR           text12       002952
__end_of_Interrupt_Config text9        002A04
__end_of_UART_Init        text8        002990
__end_of_UART_PutC        text7        002A1C
__end_of__initialization  cinit        0029B6
__end_of_ctoa             text4        00279A
__end_of_fputc            text5        002830
__end_of_main             text0        0028BE
__end_of_printf           text1        0029E2
__end_of_putch            text6        002A32
__end_of_vfpfcnvrt        text3        002700
__end_of_vfprintf         text2        002910
__initialization          cinit        002990
__mediumconst             mediumconst  000000
__pbssBANK5               bssBANK5     000560
__pbssCOMRAM              bssCOMRAM    00053C
__pcinit                  cinit        002990
__pcstackCOMRAM           cstackCOMRAM 000501
__pivt0x400               ivt0x400     000400
__psmallconst             smallconst   002600
__ptext0                  text0        002830
__ptext1                  text1        0029BC
__ptext10                 text10       002A1C
__ptext11                 text11       002A34
__ptext12                 text12       002910
__ptext2                  text2        0028BE
__ptext3                  text3        00260C
__ptext4                  text4        002700
__ptext5                  text5        00279A
__ptext6                  text6        002A28
__ptext7                  text7        002A04
__ptext8                  text8        002952
__ptext9                  text9        0029E2
__ramtop                  ramtop       002600
__smallconst              smallconst   002600
_ctoa                     text4        002700
_dato                     bssCOMRAM    000541
_flags                    bssCOMRAM    000540
_fputc                    text5        00279A
_main                     text0        002830
_prec                     bssCOMRAM    00053E
_printf                   text1        0029BC
_putch                    text6        002A28
_vfpfcnvrt                text3        00260C
_vfprintf                 text2        0028BE
_width                    bssCOMRAM    00053C
ctoa@c                    cstackCOMRAM 000510
ctoa@fp                   cstackCOMRAM 00050E
ctoa@l                    cstackCOMRAM 000512
ctoa@w                    cstackCOMRAM 000514
end_of_initialization     cinit        0029B6
fputc@c                   cstackCOMRAM 000505
fputc@fp                  cstackCOMRAM 000507
intlevel0                 text         000000
intlevel1                 text         000000
intlevel2                 text         000000
intlevel3                 text         000000
isa$std                   (abs)        000001
isa$xinst                 (abs)        000000
ivt0x400_base             ivt0x400     000400
ivt0x400_undefint         ivt0x400     0004F8
main@i                    cstackCOMRAM 00053B
main@j                    cstackCOMRAM 00053A
printf@ap                 cstackCOMRAM 000531
printf@fmt                cstackCOMRAM 000527
putch@datatx              cstackCOMRAM 000504
stackhi                   (abs)        000000
stacklo                   (abs)        000000
start                     init         0004FA
start_initialization      cinit        002990
vfpfcnvrt@ap              cstackCOMRAM 00051A
vfpfcnvrt@c               cstackCOMRAM 00051E
vfpfcnvrt@fmt             cstackCOMRAM 000518
vfpfcnvrt@fp              cstackCOMRAM 000516
vfprintf@ap               cstackCOMRAM 000523
vfprintf@cfmt             cstackCOMRAM 000525
vfprintf@fmt              cstackCOMRAM 000521
vfprintf@fp               cstackCOMRAM 00051F


MODULE INFORMATION

Module		Function		Class		Link	Load	Size
C:\Program Files\Microchip\xc8\v2.40\pic\sources\c99\common\nf_fputc.c
		_fputc         		CODE           	279A	0000	150

C:\Program Files\Microchip\xc8\v2.40\pic\sources\c99\common\nf_fputc.c estimated size: 150

C:\Program Files\Microchip\xc8\v2.40\pic\sources\c99\common\printf.c
		_printf        		CODE           	29BC	0000	38

C:\Program Files\Microchip\xc8\v2.40\pic\sources\c99\common\printf.c estimated size: 38

shared
		__initialization		CODE           	2990	0000	38

shared estimated size: 38

Interrupt.c
		_Interrupt_Config		CODE           	29E2	0000	34
		_HP_ISR        		CODE           	2910	0000	66
		_DEFAULT_ISR   		CODE           	2A34	0000	2

Interrupt.c estimated size: 102

MAIN.c
		_main          		CODE           	2830	0000	142

MAIN.c estimated size: 142

C:\Program Files\Microchip\xc8\v2.40\pic\sources\c99\common\doprnt.c
		_vfpfcnvrt     		CODE           	260C	0000	244
		_ctoa          		CODE           	2700	0000	154
		_vfprintf      		CODE           	28BE	0000	82

C:\Program Files\Microchip\xc8\v2.40\pic\sources\c99\common\doprnt.c estimated size: 480

Uart.c
		_putch         		CODE           	2A28	0000	10
		_UART_Init     		CODE           	2952	0000	62
		_UART_PutC     		CODE           	2A04	0000	24

Uart.c estimated size: 96

Config.c
		_ConfigClock   		CODE           	2A1C	0000	12

Config.c estimated size: 12

