Microchip MPLAB XC8 Compiler V2.40

Linker command line:

-W-3 \
  --edf=C:\Program Files\Microchip\xc8\v2.40\pic\dat\20220703182018_en.msgs \
  -cn -h+dist/default/production\Ejemplo13_SPI_MCC.X.production.sym \
  --cmf=dist/default/production\Ejemplo13_SPI_MCC.X.production.cmf -z \
  -Q18F57Q43 -oC:\Users\gssan\AppData\Local\Temp\xcAs7cg.4 \
  --defsym=__MPLAB_BUILD=1 --fixupoverflow=error \
  -Mdist/default/production/Ejemplo13_SPI_MCC.X.production.map \
  --md=C:\Users\gssan\AppData\Local\Temp\xcAs7cg.dat -E1 -ver=XC8 Compiler \
  --acfsm=1493 -ACODE=00h-01FFFFh -ACONST=00h-01FFFFh \
  -ASMALLCONST=02600h-026FFhx474 \
  -AMEDIUMCONST=02600h-0FFFFh,012600h-01FFFFh -ACOMRAM=0501h-055Fh \
  -AABS1=0500h-024FFh -ABIGRAM=0501h-024FFh \
  -ARAM=0560h-05FFh,0600h-06FFhx31 -ABANK5=0560h-05FFh -ABANK6=0600h-06FFh \
  -ABANK7=0700h-07FFh -ABANK8=0800h-08FFh -ABANK9=0900h-09FFh \
  -ABANK10=0A00h-0AFFh -ABANK11=0B00h-0BFFh -ABANK12=0C00h-0CFFh \
  -ABANK13=0D00h-0DFFh -ABANK14=0E00h-0EFFh -ABANK15=0F00h-0FFFh \
  -ABANK16=01000h-010FFh -ABANK17=01100h-011FFh -ABANK18=01200h-012FFh \
  -ABANK19=01300h-013FFh -ABANK20=01400h-014FFh -ABANK21=01500h-015FFh \
  -ABANK22=01600h-016FFh -ABANK23=01700h-017FFh -ABANK24=01800h-018FFh \
  -ABANK25=01900h-019FFh -ABANK26=01A00h-01AFFh -ABANK27=01B00h-01BFFh \
  -ABANK28=01C00h-01CFFh -ABANK29=01D00h-01DFFh -ABANK30=01E00h-01EFFh \
  -ABANK31=01F00h-01FFFh -ABANK32=02000h-020FFh -ABANK33=02100h-021FFh \
  -ABANK34=02200h-022FFh -ABANK35=02300h-023FFh -ABANK36=02400h-024FFh \
  -ASFR=00h-0FFhx4,0400h-045Fh,0460h-04FFh,02500h-025FFh \
  -ABIGSFR=00h-04FFh,02500h-025FFh -ACONFIG=0300000h-0300011h \
  -AIDLOC=0200000h-020003Fh -AEEDATA=0380000h-03803FFh -peeprom_data=EEDATA \
  -preset_vec=00h -ppowerup=CODE,init -pramtop=02600h \
  -psmallconst=SMALLCONST -pmediumconst=MEDIUMCONST -pconst=CONST \
  -AFARRAM=00h-00h \
  -prdata=COMRAM,nvrram=COMRAM,nvbit=COMRAM,rbss=COMRAM,rbit=COMRAM \
  -pfarbss=FARRAM,fardata=FARRAM,nvFARRAM=FARRAM \
  -pintsave_regs=BIGRAM,bigbss=BIGRAM,bigdata=BIGRAM -pbss=RAM \
  -pidata=CODE,irdata=CODE,ibigdata=CODE,ifardata=CODE -prparam=COMRAM \
  C:\Users\gssan\AppData\Local\Temp\xcAs7cg.o \
  dist/default/production\Ejemplo13_SPI_MCC.X.production.o 

Object code version is 3.11

Machine type is 18F57Q43



                Name                               Link     Load   Length Selector   Space Scale
C:\Users\gssan\AppData\Local\Temp\xcAs7cg.o
                idloc                            200000   200000       40        0       5
                config                           300000   300000        A        0       4
                init                              1FFFC    1FFFC        4     FFFE       0
                reset_vec                             0        0        4        0       0
dist/default/production\Ejemplo13_SPI_MCC.X.production.o
                idloc                            200000   200000       40        0       5
                config                           300000   300000        A        0       4
                smallconst                         2600     2600       24     1300       0
                text41                             5250     5250        6     1312       0
                text40                             49F8     49F8       D4     1312       0
                text39                             519A     519A       20     1312       0
                text38                             505E     505E       3C     1312       0
                text37                             51BA     51BA       1C     1312       0
                text36                             4B96     4B96       BE     1312       0
                text35                             5154     5154       24     1312       0
                text34                             51D6     51D6       1A     1312       0
                text33                             5238     5238        E     1312       0
                text32                             522A     522A        E     1312       0
                text31                             521C     521C        E     1312       0
                text30                             4D78     4D78       74     1312       0
                text29                             5206     5206       16     1312       0
                text28                             51F0     51F0       16     1312       0
                text27                             50D2     50D2       30     1312       0
                text26                             42D0     42D0      1B4     1312       0
                text25                             512E     512E       26     1312       0
                text24                             5102     5102       2C     1312       0
                text23                             4F90     4F90       46     1312       0
                text22                             4484     4484      15E     1312       0
                text21                             3D24     3D24      39A     1312       0
                text20                             4C54     4C54       AA     1312       0
                text19                             47F6     47F6      104     1312       0
                text18                             3548     3548      42A     1312       0
                text17                             509A     509A       38     1312       0
                text16                             3088     3088      4C0     1312       0
                text15                             4F4A     4F4A       46     1312       0
                text14                             46F0     46F0      106     1312       0
                text13                             48FA     48FA       FE     1312       0
                text12                             40BE     40BE      212     1312       0
                text11                             4DEC     4DEC       66     1312       0
                text10                             4EFA     4EFA       50     1312       0
                text9                              5246     5246        A     1312       0
                text8                              4ACC     4ACC       CA     1312       0
                text7                              501A     501A       44     1312       0
                text6                              4CFE     4CFE       7A     1312       0
                text5                              4FD6     4FD6       44     1312       0
                text4                              2624     2624      A64     1312       0
                text3                              3972     3972      3B2     1312       0
                text2                              4E52     4E52       56     1312       0
                text1                              4EA8     4EA8       52     1312       0
                text0                              45E2     45E2      10E     1312       0
                cstackCOMRAM                        501      501       5D      501       1
                cstackBANK5                         560      560       67      560       1
                bssBANK6                            600      600       50      600       1
                bssBANK5                            5C7      5C7        C      560       1
                bssCOMRAM                           55E      55E        2      501       1
                cinit                              5178     5178       22     1312       0
                nvBANK5                             5D3      5D3        9      560       1

TOTAL           Name                               Link     Load   Length     Space
        CLASS   CODE           
                init                              1FFFC    1FFFC        4         0
                reset_vec                             0        0        4         0
                text41                             5250     5250        6         0
                text40                             49F8     49F8       D4         0
                text39                             519A     519A       20         0
                text38                             505E     505E       3C         0
                text37                             51BA     51BA       1C         0
                text36                             4B96     4B96       BE         0
                text35                             5154     5154       24         0
                text34                             51D6     51D6       1A         0
                text33                             5238     5238        E         0
                text32                             522A     522A        E         0
                text31                             521C     521C        E         0
                text30                             4D78     4D78       74         0
                text29                             5206     5206       16         0
                text28                             51F0     51F0       16         0
                text27                             50D2     50D2       30         0
                text26                             42D0     42D0      1B4         0
                text25                             512E     512E       26         0
                text24                             5102     5102       2C         0
                text23                             4F90     4F90       46         0
                text22                             4484     4484      15E         0
                text21                             3D24     3D24      39A         0
                text20                             4C54     4C54       AA         0
                text19                             47F6     47F6      104         0
                text18                             3548     3548      42A         0
                text17                             509A     509A       38         0
                text16                             3088     3088      4C0         0
                text15                             4F4A     4F4A       46         0
                text14                             46F0     46F0      106         0
                text13                             48FA     48FA       FE         0
                text12                             40BE     40BE      212         0
                text11                             4DEC     4DEC       66         0
                text10                             4EFA     4EFA       50         0
                text9                              5246     5246        A         0
                text8                              4ACC     4ACC       CA         0
                text7                              501A     501A       44         0
                text6                              4CFE     4CFE       7A         0
                text5                              4FD6     4FD6       44         0
                text4                              2624     2624      A64         0
                text3                              3972     3972      3B2         0
                text2                              4E52     4E52       56         0
                text1                              4EA8     4EA8       52         0
                text0                              45E2     45E2      10E         0
                cinit                              5178     5178       22         0

        CLASS   CONST          

        CLASS   SMALLCONST     
                smallconst                         2600     2600       24         0

        CLASS   MEDIUMCONST    

        CLASS   COMRAM         
                cstackCOMRAM                        501      501       5D         1
                bssCOMRAM                           55E      55E        2         1

        CLASS   ABS1           

        CLASS   BIGRAM         

        CLASS   RAM            

        CLASS   BANK5          
                cstackBANK5                         560      560       67         1
                bssBANK5                            5C7      5C7        C         1
                nvBANK5                             5D3      5D3        9         1

        CLASS   BANK6          
                bssBANK6                            600      600       50         1

        CLASS   BANK7          

        CLASS   BANK8          

        CLASS   BANK9          

        CLASS   BANK10         

        CLASS   BANK11         

        CLASS   BANK12         

        CLASS   BANK13         

        CLASS   BANK14         

        CLASS   BANK15         

        CLASS   BANK16         

        CLASS   BANK17         

        CLASS   BANK18         

        CLASS   BANK19         

        CLASS   BANK20         

        CLASS   BANK21         

        CLASS   BANK22         

        CLASS   BANK23         

        CLASS   BANK24         

        CLASS   BANK25         

        CLASS   BANK26         

        CLASS   BANK27         

        CLASS   BANK28         

        CLASS   BANK29         

        CLASS   BANK30         

        CLASS   BANK31         

        CLASS   BANK32         

        CLASS   BANK33         

        CLASS   BANK34         

        CLASS   BANK35         

        CLASS   BANK36         

        CLASS   SFR            

        CLASS   BIGSFR         

        CLASS   CONFIG         
                config                           300000   300000        A         4

        CLASS   IDLOC          
                idloc                            200000   200000       40         5

        CLASS   EEDATA         

        CLASS   FARRAM         

        CLASS   HEAP           

        CLASS   STACK          



SEGMENTS        Name                           Load    Length   Top    Selector   Space  Class

                reset_vec                      000000  000004  000004         0       0  CODE    
                cstackCOMRAM                   000501  00005F  000560       501       1  COMRAM  
                cstackBANK5                    000560  00007C  0005DC       560       1  BANK5   
                bssBANK6                       000600  000050  000650       600       1  BANK6   
                smallconst                     002600  000024  002624      1300       0  SMALLCON
                text4                          002624  002C32  005256      1312       0  CODE    
                init                           01FFFC  000004  020000      FFFE       0  CODE    


UNUSED ADDRESS RANGES

        Name                Unused          Largest block    Delta
        BANK10           000A00-000AFF              100
        BANK11           000B00-000BFF              100
        BANK12           000C00-000CFF              100
        BANK13           000D00-000DFF              100
        BANK14           000E00-000EFF              100
        BANK15           000F00-000FFF              100
        BANK16           001000-0010FF              100
        BANK17           001100-0011FF              100
        BANK18           001200-0012FF              100
        BANK19           001300-0013FF              100
        BANK20           001400-0014FF              100
        BANK21           001500-0015FF              100
        BANK22           001600-0016FF              100
        BANK23           001700-0017FF              100
        BANK24           001800-0018FF              100
        BANK25           001900-0019FF              100
        BANK26           001A00-001AFF              100
        BANK27           001B00-001BFF              100
        BANK28           001C00-001CFF              100
        BANK29           001D00-001DFF              100
        BANK30           001E00-001EFF              100
        BANK31           001F00-001FFF              100
        BANK32           002000-0020FF              100
        BANK33           002100-0021FF              100
        BANK34           002200-0022FF              100
        BANK35           002300-0023FF              100
        BANK36           002400-0024FF              100
        BANK5            0005DC-0005FF               24
        BANK6            000650-0006FF               B0
        BANK7            000700-0007FF              100
        BANK8            000800-0008FF              100
        BANK9            000900-0009FF              100
        BIGRAM           0005DC-0005FF               24
                         000650-0024FF             1EB0
        BIGSFR           000000-0004FF              500
                         002500-0025FF              100
        CODE             000004-0025FF             25FC
                         005256-01FFFB            1ADA6
        CONFIG           30000A-300011                8
        CONST            000004-0025FF             25FC
                         005256-01FFFB            1ADA6
        EEDATA           380000-3803FF              400
        MEDIUMCONST      005256-00FFFF             ADAA
                         012600-01FFFB             D9FC
        RAM              0005DC-0005FF               24
                         000650-0024FF              100
        SFR              000000-0004FF              100
                         002500-0025FF              100
        SMALLCONST       005256-01FFFB              100

                                  Symbol Table

?___fladd                                     cstackCOMRAM 000501
?___fldiv                                     cstackCOMRAM 000501
?___flmul                                     cstackCOMRAM 00050F
?___flneg                                     cstackCOMRAM 000501
?___flsub                                     cstackCOMRAM 000528
?___fltol                                     cstackCOMRAM 000501
?___fpclassifyf                               cstackCOMRAM 000501
?___wmul                                      cstackCOMRAM 000501
?___xxtofl                                    cstackCOMRAM 000501
?_atoi                                        cstackCOMRAM 000507
?_floorf                                      cstackCOMRAM 00051A
?_isdigit                                     cstackCOMRAM 000501
?_isspace                                     cstackCOMRAM 000501
?_labs                                        cstackCOMRAM 000501
?_sprintf                                     cstackBANK5  000598
?_vfprintf                                    cstackBANK5  000592
SPI1_ExchangeByte@data                        cstackCOMRAM 000501
SPI1_Open@spi1UniqueConfiguration             cstackCOMRAM 000502
SPI1_ReadBlock@block                          cstackCOMRAM 000502
SPI1_ReadBlock@blockSize                      cstackCOMRAM 000504
SPI1_ReadBlock@data                           cstackCOMRAM 000506
UART1_PutS@s                                  cstackCOMRAM 000502
UART1_SetErrorHandler@interruptHandler        cstackCOMRAM 000501
UART1_SetFramingErrorHandler@interruptHandler cstackCOMRAM 000501
UART1_SetOverrunErrorHandler@interruptHandler cstackCOMRAM 000501
UART1_Write@txData                            cstackCOMRAM 000501
_ACTCON                                       (abs)        0000AC
_ANSELA                                       (abs)        000400
_ANSELB                                       (abs)        000408
_ANSELC                                       (abs)        000410
_ANSELD                                       (abs)        000418
_ANSELE                                       (abs)        000420
_ANSELF                                       (abs)        000428
_INLVLA                                       (abs)        000404
_INLVLB                                       (abs)        00040C
_INLVLC                                       (abs)        000414
_INLVLD                                       (abs)        00041C
_INLVLE                                       (abs)        000424
_INLVLF                                       (abs)        00042C
_LATA                                         (abs)        0004BE
_LATB                                         (abs)        0004BF
_LATC                                         (abs)        0004C0
_LATD                                         (abs)        0004C1
_LATDbits                                     (abs)        0004C1
_LATE                                         (abs)        0004C2
_LATF                                         (abs)        0004C3
_ODCONA                                       (abs)        000402
_ODCONB                                       (abs)        00040A
_ODCONC                                       (abs)        000412
_ODCOND                                       (abs)        00041A
_ODCONE                                       (abs)        000422
_ODCONF                                       (abs)        00042A
_OSCCON1                                      (abs)        0000AD
_OSCCON3                                      (abs)        0000AF
_OSCEN                                        (abs)        0000B3
_OSCFRQ                                       (abs)        0000B1
_OSCILLATOR_Initialize                        text37       0051BA
_OSCTUNE                                      (abs)        0000B0
_PIN_MANAGER_Initialize                       text36       004B96
_PIR3bits                                     (abs)        0004B1
_PIR4bits                                     (abs)        0004B2
_PMD0                                         (abs)        000060
_PMD1                                         (abs)        000061
_PMD3                                         (abs)        000063
_PMD4                                         (abs)        000064
_PMD5                                         (abs)        000065
_PMD6                                         (abs)        000066
_PMD7                                         (abs)        000067
_PMD8                                         (abs)        000068
_PMD_Initialize                               text35       005154
_RB1I2C                                       (abs)        000289
_RB2I2C                                       (abs)        000288
_RC3I2C                                       (abs)        000287
_RC4I2C                                       (abs)        000286
_RC4PPS                                       (abs)        000215
_RC6PPS                                       (abs)        000217
_RF0PPS                                       (abs)        000229
_SLRCONA                                      (abs)        000403
_SLRCONB                                      (abs)        00040B
_SLRCONC                                      (abs)        000413
_SLRCOND                                      (abs)        00041B
_SLRCONE                                      (abs)        000423
_SLRCONF                                      (abs)        00042B
_SPI1BAUD                                     (abs)        000089
_SPI1CLK                                      (abs)        00008C
_SPI1CON0                                     (abs)        000084
_SPI1CON0bits                                 (abs)        000084
_SPI1CON1                                     (abs)        000085
_SPI1CON2                                     (abs)        000086
_SPI1RXB                                      (abs)        000080
_SPI1SCKPPS                                   (abs)        00026A
_SPI1SDIPPS                                   (abs)        00026B
_SPI1TCNTL                                    (abs)        000082
_SPI1TXB                                      (abs)        000081
_SPI1_Close                                   text41       005250
_SPI1_ExchangeByte                            text39       00519A
_SPI1_Initialize                              text34       0051D6
_SPI1_Open                                    text40       0049F8
_SPI1_ReadBlock                               text38       00505E
_SYSTEM_Initialize                            text29       005206
_TRISA                                        (abs)        0004C6
_TRISB                                        (abs)        0004C7
_TRISC                                        (abs)        0004C8
_TRISCbits                                    (abs)        0004C8
_TRISD                                        (abs)        0004C9
_TRISE                                        (abs)        0004CA
_TRISF                                        (abs)        0004CB
_U1BRGH                                       (abs)        0002AF
_U1BRGL                                       (abs)        0002AE
_U1CON0                                       (abs)        0002AB
_U1CON0bits                                   (abs)        0002AB
_U1CON1                                       (abs)        0002AC
_U1CON2                                       (abs)        0002AD
_U1ERRIE                                      (abs)        0002B3
_U1ERRIR                                      (abs)        0002B2
_U1ERRIRbits                                  (abs)        0002B2
_U1FIFO                                       (abs)        0002B0
_U1P1H                                        (abs)        0002A6
_U1P1L                                        (abs)        0002A5
_U1P2H                                        (abs)        0002A8
_U1P2L                                        (abs)        0002A7
_U1P3H                                        (abs)        0002AA
_U1P3L                                        (abs)        0002A9
_U1RXB                                        (abs)        0002A1
_U1RXPPS                                      (abs)        000272
_U1TXB                                        (abs)        0002A3
_U1UIR                                        (abs)        0002B1
_UART1_DefaultErrorHandler                    (abs)        000000
_UART1_DefaultFramingErrorHandler             (abs)        000000
_UART1_DefaultOverrunErrorHandler             (abs)        000000
_UART1_ErrorHandler                           nvBANK5      0005D3
_UART1_FramingErrorHandler                    nvBANK5      0005D9
_UART1_Initialize                             text30       004D78
_UART1_OverrunErrorHandler                    nvBANK5      0005D6
_UART1_PutS                                   text27       0050D2
_UART1_SetErrorHandler                        text33       005238
_UART1_SetFramingErrorHandler                 text32       00522A
_UART1_SetOverrunErrorHandler                 text31       00521C
_UART1_Write                                  text28       0051F0
_WPUA                                         (abs)        000401
_WPUB                                         (abs)        000409
_WPUC                                         (abs)        000411
_WPUD                                         (abs)        000419
_WPUE                                         (abs)        000421
_WPUF                                         (abs)        000429
__HRAM                                        (abs)        000000
__Habs1                                       abs1         000000
__Hbank10                                     bank10       000000
__Hbank11                                     bank11       000000
__Hbank12                                     bank12       000000
__Hbank13                                     bank13       000000
__Hbank14                                     bank14       000000
__Hbank15                                     bank15       000000
__Hbank16                                     bank16       000000
__Hbank17                                     bank17       000000
__Hbank18                                     bank18       000000
__Hbank19                                     bank19       000000
__Hbank20                                     bank20       000000
__Hbank21                                     bank21       000000
__Hbank22                                     bank22       000000
__Hbank23                                     bank23       000000
__Hbank24                                     bank24       000000
__Hbank25                                     bank25       000000
__Hbank26                                     bank26       000000
__Hbank27                                     bank27       000000
__Hbank28                                     bank28       000000
__Hbank29                                     bank29       000000
__Hbank30                                     bank30       000000
__Hbank31                                     bank31       000000
__Hbank32                                     bank32       000000
__Hbank33                                     bank33       000000
__Hbank34                                     bank34       000000
__Hbank35                                     bank35       000000
__Hbank36                                     bank36       000000
__Hbank5                                      bank5        000000
__Hbank6                                      bank6        000000
__Hbank7                                      bank7        000000
__Hbank8                                      bank8        000000
__Hbank9                                      bank9        000000
__Hbigbss                                     bigbss       000000
__Hbigdata                                    bigdata      000000
__Hbigram                                     bigram       000000
__Hbigsfr                                     bigsfr       000000
__Hbss                                        bss          000000
__HbssBANK5                                   bssBANK5     000000
__HbssBANK6                                   bssBANK6     000000
__HbssCOMRAM                                  bssCOMRAM    000000
__Hcinit                                      cinit        000000
__Hclrtext                                    clrtext      000000
__Hcomram                                     comram       000000
__Hconfig                                     config       30000A
__Hconst                                      const        000000
__HcstackBANK5                                cstackBANK5  000000
__HcstackCOMRAM                               cstackCOMRAM 000000
__Hdata                                       data         000000
__Heeprom_data                                eeprom_data  000000
__Hfarbss                                     farbss       000000
__Hfardata                                    fardata      000000
__Hheap                                       heap         000000
__Hibigdata                                   ibigdata     000000
__Hidata                                      idata        000000
__Hidloc                                      idloc        200040
__Hifardata                                   ifardata     000000
__Hinit                                       init         020000
__Hintsave_regs                               intsave_regs 000000
__Hirdata                                     irdata       000000
__Hmediumconst                                mediumconst  000000
__HnvBANK5                                    nvBANK5      000000
__HnvFARRAM                                   nvFARRAM     000000
__Hnvbit                                      nvbit        000000
__Hnvrram                                     nvrram       000000
__Hparam                                      rparam       000000
__Hpowerup                                    powerup      000000
__Hram                                        ram          000000
__Hramtop                                     ramtop       002600
__Hrbit                                       rbit         000000
__Hrbss                                       rbss         000000
__Hrdata                                      rdata        000000
__Hreset_vec                                  reset_vec    000004
__Hrparam                                     rparam       000000
__Hsfr                                        sfr          000000
__Hsmallconst                                 smallconst   002624
__Hspace_0                                    (abs)        020000
__Hspace_1                                    (abs)        000650
__Hspace_2                                    (abs)        000000
__Hspace_4                                    (abs)        60000A
__Hstack                                      stack        000000
__Hstruct                                     struct       000000
__Htemp                                       temp         000000
__Htext                                       text         000000
__Htext0                                      text0        000000
__Htext1                                      text1        000000
__Htext10                                     text10       000000
__Htext11                                     text11       000000
__Htext12                                     text12       000000
__Htext13                                     text13       000000
__Htext14                                     text14       000000
__Htext15                                     text15       000000
__Htext16                                     text16       000000
__Htext17                                     text17       000000
__Htext18                                     text18       000000
__Htext19                                     text19       000000
__Htext2                                      text2        000000
__Htext20                                     text20       000000
__Htext21                                     text21       000000
__Htext22                                     text22       000000
__Htext23                                     text23       000000
__Htext24                                     text24       000000
__Htext25                                     text25       000000
__Htext26                                     text26       000000
__Htext27                                     text27       000000
__Htext28                                     text28       000000
__Htext29                                     text29       000000
__Htext3                                      text3        000000
__Htext30                                     text30       000000
__Htext31                                     text31       000000
__Htext32                                     text32       000000
__Htext33                                     text33       000000
__Htext34                                     text34       000000
__Htext35                                     text35       000000
__Htext36                                     text36       000000
__Htext37                                     text37       000000
__Htext38                                     text38       000000
__Htext39                                     text39       000000
__Htext4                                      text4        000000
__Htext40                                     text40       000000
__Htext41                                     text41       000000
__Htext5                                      text5        000000
__Htext6                                      text6        000000
__Htext7                                      text7        000000
__Htext8                                      text8        000000
__Htext9                                      text9        000000
__LRAM                                        (abs)        000001
__Labs1                                       abs1         000000
__Lbank10                                     bank10       000000
__Lbank11                                     bank11       000000
__Lbank12                                     bank12       000000
__Lbank13                                     bank13       000000
__Lbank14                                     bank14       000000
__Lbank15                                     bank15       000000
__Lbank16                                     bank16       000000
__Lbank17                                     bank17       000000
__Lbank18                                     bank18       000000
__Lbank19                                     bank19       000000
__Lbank20                                     bank20       000000
__Lbank21                                     bank21       000000
__Lbank22                                     bank22       000000
__Lbank23                                     bank23       000000
__Lbank24                                     bank24       000000
__Lbank25                                     bank25       000000
__Lbank26                                     bank26       000000
__Lbank27                                     bank27       000000
__Lbank28                                     bank28       000000
__Lbank29                                     bank29       000000
__Lbank30                                     bank30       000000
__Lbank31                                     bank31       000000
__Lbank32                                     bank32       000000
__Lbank33                                     bank33       000000
__Lbank34                                     bank34       000000
__Lbank35                                     bank35       000000
__Lbank36                                     bank36       000000
__Lbank5                                      bank5        000000
__Lbank6                                      bank6        000000
__Lbank7                                      bank7        000000
__Lbank8                                      bank8        000000
__Lbank9                                      bank9        000000
__Lbigbss                                     bigbss       000000
__Lbigdata                                    bigdata      000000
__Lbigram                                     bigram       000000
__Lbigsfr                                     bigsfr       000000
__Lbss                                        bss          000000
__LbssBANK5                                   bssBANK5     000000
__LbssBANK6                                   bssBANK6     000000
__LbssCOMRAM                                  bssCOMRAM    000000
__Lcinit                                      cinit        000000
__Lclrtext                                    clrtext      000000
__Lcomram                                     comram       000000
__Lconfig                                     config       000000
__Lconst                                      const        000000
__LcstackBANK5                                cstackBANK5  000000
__LcstackCOMRAM                               cstackCOMRAM 000000
__Ldata                                       data         000000
__Leeprom_data                                eeprom_data  000000
__Lfarbss                                     farbss       000000
__Lfardata                                    fardata      000000
__Lheap                                       heap         000000
__Libigdata                                   ibigdata     000000
__Lidata                                      idata        000000
__Lidloc                                      idloc        000000
__Lifardata                                   ifardata     000000
__Linit                                       init         01FFFC
__Lintsave_regs                               intsave_regs 000000
__Lirdata                                     irdata       000000
__Lmediumconst                                mediumconst  000000
__LnvBANK5                                    nvBANK5      000000
__LnvFARRAM                                   nvFARRAM     000000
__Lnvbit                                      nvbit        000000
__Lnvrram                                     nvrram       000000
__Lparam                                      rparam       000000
__Lpowerup                                    powerup      000000
__Lram                                        ram          000000
__Lramtop                                     ramtop       002600
__Lrbit                                       rbit         000000
__Lrbss                                       rbss         000000
__Lrdata                                      rdata        000000
__Lreset_vec                                  reset_vec    000000
__Lrparam                                     rparam       000000
__Lsfr                                        sfr          000000
__Lsmallconst                                 smallconst   002600
__Lspace_0                                    (abs)        000000
__Lspace_1                                    (abs)        000000
__Lspace_2                                    (abs)        000000
__Lspace_4                                    (abs)        000000
__Lstack                                      stack        000000
__Lstruct                                     struct       000000
__Ltemp                                       temp         000000
__Ltext                                       text         000000
__Ltext0                                      text0        000000
__Ltext1                                      text1        000000
__Ltext10                                     text10       000000
__Ltext11                                     text11       000000
__Ltext12                                     text12       000000
__Ltext13                                     text13       000000
__Ltext14                                     text14       000000
__Ltext15                                     text15       000000
__Ltext16                                     text16       000000
__Ltext17                                     text17       000000
__Ltext18                                     text18       000000
__Ltext19                                     text19       000000
__Ltext2                                      text2        000000
__Ltext20                                     text20       000000
__Ltext21                                     text21       000000
__Ltext22                                     text22       000000
__Ltext23                                     text23       000000
__Ltext24                                     text24       000000
__Ltext25                                     text25       000000
__Ltext26                                     text26       000000
__Ltext27                                     text27       000000
__Ltext28                                     text28       000000
__Ltext29                                     text29       000000
__Ltext3                                      text3        000000
__Ltext30                                     text30       000000
__Ltext31                                     text31       000000
__Ltext32                                     text32       000000
__Ltext33                                     text33       000000
__Ltext34                                     text34       000000
__Ltext35                                     text35       000000
__Ltext36                                     text36       000000
__Ltext37                                     text37       000000
__Ltext38                                     text38       000000
__Ltext39                                     text39       000000
__Ltext4                                      text4        000000
__Ltext40                                     text40       000000
__Ltext41                                     text41       000000
__Ltext5                                      text5        000000
__Ltext6                                      text6        000000
__Ltext7                                      text7        000000
__Ltext8                                      text8        000000
__Ltext9                                      text9        000000
__S0                                          (abs)        020000
__S1                                          (abs)        000650
__S4                                          (abs)        000000
__S5                                          (abs)        000000
___fladd                                      text16       003088
___fladd@a                                    cstackCOMRAM 000505
___fladd@aexp                                 cstackCOMRAM 00050E
___fladd@b                                    cstackCOMRAM 000501
___fladd@bexp                                 cstackCOMRAM 00050F
___fladd@grs                                  cstackCOMRAM 000510
___fladd@signs                                cstackCOMRAM 00050D
___fldiv                                      text21       003D24
___fldiv@a                                    cstackCOMRAM 000505
___fldiv@aexp                                 cstackCOMRAM 000519
___fldiv@b                                    cstackCOMRAM 000501
___fldiv@bexp                                 cstackCOMRAM 000518
___fldiv@grs                                  cstackCOMRAM 000514
___fldiv@new_exp                              cstackCOMRAM 000512
___fldiv@rem                                  cstackCOMRAM 00050D
___fldiv@sign                                 cstackCOMRAM 000511
___fleq                                       text20       004C54
___fleq@ff1                                   cstackCOMRAM 000501
___fleq@ff2                                   cstackCOMRAM 000505
___flge                                       text19       0047F6
___flge@ff1                                   cstackCOMRAM 000528
___flge@ff2                                   cstackCOMRAM 00052C
___flmul                                      text18       003548
___flmul@a                                    cstackCOMRAM 000513
___flmul@aexp                                 cstackCOMRAM 000520
___flmul@b                                    cstackCOMRAM 00050F
___flmul@bexp                                 cstackCOMRAM 000521
___flmul@grs                                  cstackCOMRAM 00051C
___flmul@prod                                 cstackCOMRAM 000522
___flmul@sign                                 cstackCOMRAM 00051B
___flmul@temp                                 cstackCOMRAM 000526
___flneg                                      text17       00509A
___flneg@f1                                   cstackCOMRAM 000501
___flsub                                      text15       004F4A
___flsub@a                                    cstackCOMRAM 00052C
___flsub@b                                    cstackCOMRAM 000528
___fltol                                      text14       0046F0
___fltol@exp1                                 cstackCOMRAM 00050A
___fltol@f1                                   cstackCOMRAM 000501
___fltol@sign1                                cstackCOMRAM 000509
___fpclassifyf                                text13       0048FA
___fpclassifyf@F465                           bssBANK5     0005CB
___fpclassifyf@e                              cstackCOMRAM 000509
___fpclassifyf@u                              cstackCOMRAM 00050B
___fpclassifyf@x                              cstackCOMRAM 000501
___heap_hi                                    (abs)        000000
___heap_lo                                    (abs)        000000
___inthi_sp                                   stack        000000
___intlo_sp                                   stack        000000
___param_bank                                 (abs)        000000
___rparam_used                                (abs)        000001
___sp                                         stack        000000
___wmul                                       text25       00512E
___wmul@multiplicand                          cstackCOMRAM 000503
___wmul@multiplier                            cstackCOMRAM 000501
___wmul@product                               cstackCOMRAM 000505
___xxtofl                                     text26       0042D0
___xxtofl@arg                                 cstackCOMRAM 00050B
___xxtofl@exp                                 cstackCOMRAM 00050A
___xxtofl@sign                                cstackCOMRAM 000509
___xxtofl@val                                 cstackCOMRAM 000501
__accesstop                                   (abs)        000560
__activetblptr                                (abs)        000003
__end_of_OSCILLATOR_Initialize                text37       0051D6
__end_of_PIN_MANAGER_Initialize               text36       004C54
__end_of_PMD_Initialize                       text35       005178
__end_of_SPI1_Close                           text41       005256
__end_of_SPI1_ExchangeByte                    text39       0051BA
__end_of_SPI1_Initialize                      text34       0051F0
__end_of_SPI1_Open                            text40       004ACC
__end_of_SPI1_ReadBlock                       text38       00509A
__end_of_SYSTEM_Initialize                    text29       00521C
__end_of_UART1_Initialize                     text30       004DEC
__end_of_UART1_PutS                           text27       005102
__end_of_UART1_SetErrorHandler                text33       005246
__end_of_UART1_SetFramingErrorHandler         text32       005238
__end_of_UART1_SetOverrunErrorHandler         text31       00522A
__end_of_UART1_Write                          text28       005206
__end_of___fladd                              text16       003548
__end_of___fldiv                              text21       0040BE
__end_of___fleq                               text20       004CFE
__end_of___flge                               text19       0048FA
__end_of___flmul                              text18       003972
__end_of___flneg                              text17       0050D2
__end_of___flsub                              text15       004F90
__end_of___fltol                              text14       0047F6
__end_of___fpclassifyf                        text13       0049F8
__end_of___wmul                               text25       005154
__end_of___xxtofl                             text26       004484
__end_of__initialization                      cinit        005194
__end_of_atoi                                 text22       0045E2
__end_of_efgtoa                               text4        003088
__end_of_floorf                               text12       0042D0
__end_of_fputc                                text8        004B96
__end_of_fputs                                text7        00505E
__end_of_isdigit                              text24       00512E
__end_of_isspace                              text23       004FD6
__end_of_labs                                 text11       004E52
__end_of_main                                 text0        0046F0
__end_of_memcpy                               text10       004F4A
__end_of_pad                                  text6        004D78
__end_of_putch                                text9        005250
__end_of_spi1_configuration                   smallconst   002606
__end_of_sprintf                              text1        004EFA
__end_of_strcpy                               text5        00501A
__end_of_vfpfcnvrt                            text3        003D24
__end_of_vfprintf                             text2        004EA8
__initialization                              cinit        005178
__mediumconst                                 mediumconst  000000
__pbssBANK5                                   bssBANK5     0005C7
__pbssBANK6                                   bssBANK6     000600
__pbssCOMRAM                                  bssCOMRAM    00055E
__pcinit                                      cinit        005178
__pcstackBANK5                                cstackBANK5  000560
__pcstackCOMRAM                               cstackCOMRAM 000501
__pnvBANK5                                    nvBANK5      0005D3
__psmallconst                                 smallconst   002600
__ptext0                                      text0        0045E2
__ptext1                                      text1        004EA8
__ptext10                                     text10       004EFA
__ptext11                                     text11       004DEC
__ptext12                                     text12       0040BE
__ptext13                                     text13       0048FA
__ptext14                                     text14       0046F0
__ptext15                                     text15       004F4A
__ptext16                                     text16       003088
__ptext17                                     text17       00509A
__ptext18                                     text18       003548
__ptext19                                     text19       0047F6
__ptext2                                      text2        004E52
__ptext20                                     text20       004C54
__ptext21                                     text21       003D24
__ptext22                                     text22       004484
__ptext23                                     text23       004F90
__ptext24                                     text24       005102
__ptext25                                     text25       00512E
__ptext26                                     text26       0042D0
__ptext27                                     text27       0050D2
__ptext28                                     text28       0051F0
__ptext29                                     text29       005206
__ptext3                                      text3        003972
__ptext30                                     text30       004D78
__ptext31                                     text31       00521C
__ptext32                                     text32       00522A
__ptext33                                     text33       005238
__ptext34                                     text34       0051D6
__ptext35                                     text35       005154
__ptext36                                     text36       004B96
__ptext37                                     text37       0051BA
__ptext38                                     text38       00505E
__ptext39                                     text39       00519A
__ptext4                                      text4        002624
__ptext40                                     text40       0049F8
__ptext41                                     text41       005250
__ptext5                                      text5        004FD6
__ptext6                                      text6        004CFE
__ptext7                                      text7        00501A
__ptext8                                      text8        004ACC
__ptext9                                      text9        005246
__ramtop                                      ramtop       002600
__smallconst                                  smallconst   002600
_atoi                                         text22       004484
_dbuf                                         bssBANK6     000600
_efgtoa                                       text4        002624
_efgtoa$1135                                  cstackBANK5  000566
_flags                                        bssCOMRAM    00055E
_floorf                                       text12       0040BE
_fputc                                        text8        004ACC
_fputs                                        text7        00501A
_isdigit                                      text24       005102
_isspace                                      text23       004F90
_isspace$1213                                 cstackCOMRAM 000505
_labs                                         text11       004DEC
_main                                         text0        0045E2
_main$1497                                    cstackBANK5  0005BD
_memcpy                                       text10       004EFA
_pad                                          text6        004CFE
_prec                                         bssBANK5     0005D1
_putch                                        text9        005246
_spi1_configuration                           smallconst   002601
_sprintf                                      text1        004EA8
_strcpy                                       text5        004FD6
_uart1RxLastError                             bssCOMRAM    00055F
_vfpfcnvrt                                    text3        003972
_vfprintf                                     text2        004E52
_width                                        bssBANK5     0005CF
atoi@n                                        cstackCOMRAM 00050E
atoi@neg                                      cstackCOMRAM 00050C
atoi@s                                        cstackCOMRAM 000507
efgtoa@c                                      cstackCOMRAM 00053A
efgtoa@d                                      cstackBANK5  00056B
efgtoa@e                                      cstackBANK5  00056F
efgtoa@f                                      cstackCOMRAM 000536
efgtoa@fp                                     cstackCOMRAM 000534
efgtoa@g                                      cstackBANK5  000582
efgtoa@h                                      cstackBANK5  000577
efgtoa@i                                      cstackBANK5  00057F
efgtoa@l                                      cstackBANK5  00057B
efgtoa@m                                      cstackBANK5  00056D
efgtoa@mode                                   cstackBANK5  000569
efgtoa@n                                      cstackBANK5  000586
efgtoa@ne                                     cstackBANK5  000560
efgtoa@nmode                                  cstackBANK5  00056A
efgtoa@ou                                     cstackBANK5  000573
efgtoa@p                                      cstackBANK5  000562
efgtoa@pp                                     cstackBANK5  000568
efgtoa@sign                                   cstackBANK5  000581
efgtoa@t                                      cstackBANK5  000564
efgtoa@u                                      cstackBANK5  000588
efgtoa@w                                      cstackBANK5  000571
end_of_initialization                         cinit        005194
floorf@F526                                   bssBANK5     0005C7
floorf@e                                      cstackCOMRAM 000528
floorf@m                                      cstackCOMRAM 000524
floorf@u                                      cstackCOMRAM 00052A
floorf@x                                      cstackCOMRAM 00051A
fputc@c                                       cstackCOMRAM 000503
fputc@fp                                      cstackCOMRAM 000505
fputs@c                                       cstackCOMRAM 000510
fputs@fp                                      cstackCOMRAM 00050E
fputs@i                                       cstackCOMRAM 000511
fputs@s                                       cstackCOMRAM 00050C
intlevel0                                     text         000000
intlevel1                                     text         000000
intlevel2                                     text         000000
intlevel3                                     text         000000
isa$std                                       (abs)        000001
isa$xinst                                     (abs)        000000
isdigit@c                                     cstackCOMRAM 000501
isspace@c                                     cstackCOMRAM 000501
labs@a                                        cstackCOMRAM 000501
main@Temperatura                              cstackBANK5  0005B9
main@Trama                                    cstackBANK5  0005C1
main@buffer                                   cstackBANK5  0005C5
main@cadena                                   cstackBANK5  0005A0
main@tramH                                    cstackBANK5  0005C3
main@tramL                                    cstackBANK5  0005C4
memcpy@d                                      cstackCOMRAM 000507
memcpy@d1                                     cstackCOMRAM 000501
memcpy@n                                      cstackCOMRAM 000505
memcpy@s                                      cstackCOMRAM 000509
memcpy@s1                                     cstackCOMRAM 000503
memcpy@tmp                                    cstackCOMRAM 00050B
pad@buf                                       cstackCOMRAM 000515
pad@fp                                        cstackCOMRAM 000513
pad@i                                         cstackCOMRAM 00051A
pad@p                                         cstackCOMRAM 000517
pad@w                                         cstackCOMRAM 00051C
putch@txData                                  cstackCOMRAM 000502
sprintf@ap                                    cstackCOMRAM 00054F
sprintf@f                                     cstackCOMRAM 000551
sprintf@fmt                                   cstackBANK5  00059A
sprintf@s                                     cstackBANK5  000598
stackhi                                       (abs)        000000
stacklo                                       (abs)        000000
start                                         init         01FFFC
start_initialization                          cinit        005178
strcpy@d                                      cstackCOMRAM 000507
strcpy@dest                                   cstackCOMRAM 000501
strcpy@s                                      cstackCOMRAM 000505
strcpy@src                                    cstackCOMRAM 000503
vfpfcnvrt@ap                                  cstackBANK5  000590
vfpfcnvrt@c                                   cstackCOMRAM 00054A
vfpfcnvrt@convarg                             cstackCOMRAM 000540
vfpfcnvrt@cp                                  cstackCOMRAM 00054B
vfpfcnvrt@done                                cstackCOMRAM 000548
vfpfcnvrt@fmt                                 cstackBANK5  00058E
vfpfcnvrt@fp                                  cstackBANK5  00058C
vfprintf@ap                                   cstackBANK5  000596
vfprintf@cfmt                                 cstackCOMRAM 00054D
vfprintf@fmt                                  cstackBANK5  000594
vfprintf@fp                                   cstackBANK5  000592


MODULE INFORMATION

Module		Function		Class		Link	Load	Size
C:\Program Files\Microchip\xc8\v2.40\pic\sources\c99\common\sprcmul.c
		___flmul       		CODE           	3548	0000	1066

C:\Program Files\Microchip\xc8\v2.40\pic\sources\c99\common\sprcmul.c estimated size: 1066

C:\Program Files\Microchip\xc8\v2.40\pic\sources\c99\common\nf_fputc.c
		_fputc         		CODE           	4ACC	0000	202

C:\Program Files\Microchip\xc8\v2.40\pic\sources\c99\common\nf_fputc.c estimated size: 202

C:\Program Files\Microchip\xc8\v2.40\pic\sources\c99\common\sprcdiv.c
		___fldiv       		CODE           	3D24	0000	922

C:\Program Files\Microchip\xc8\v2.40\pic\sources\c99\common\sprcdiv.c estimated size: 922

C:\Program Files\Microchip\xc8\v2.40\pic\sources\c99\common\nf_sprintf.c
		_sprintf       		CODE           	4EA8	0000	82

C:\Program Files\Microchip\xc8\v2.40\pic\sources\c99\common\nf_sprintf.c estimated size: 82

C:\Program Files\Microchip\xc8\v2.40\pic\sources\c99\common\memcpy.c
		_memcpy        		CODE           	4EFA	0000	80

C:\Program Files\Microchip\xc8\v2.40\pic\sources\c99\common\memcpy.c estimated size: 80

C:\Program Files\Microchip\xc8\v2.40\pic\sources\c99\common\fltol.c
		___fltol       		CODE           	46F0	0000	262

C:\Program Files\Microchip\xc8\v2.40\pic\sources\c99\common\fltol.c estimated size: 262

C:\Program Files\Microchip\xc8\v2.40\pic\sources\c99\common\isspace.c
		_isspace       		CODE           	4F90	0000	70

C:\Program Files\Microchip\xc8\v2.40\pic\sources\c99\common\isspace.c estimated size: 70

C:\Program Files\Microchip\xc8\v2.40\pic\sources\c99\common\atoi.c
		_atoi          		CODE           	4484	0000	350

C:\Program Files\Microchip\xc8\v2.40\pic\sources\c99\common\atoi.c estimated size: 350

C:\Program Files\Microchip\xc8\v2.40\pic\sources\c99\common\Umul16.c
		___wmul        		CODE           	512E	0000	38

C:\Program Files\Microchip\xc8\v2.40\pic\sources\c99\common\Umul16.c estimated size: 38

C:\Program Files\Microchip\xc8\v2.40\pic\sources\c99\common\fleq.c
		___fleq        		CODE           	4C54	0000	170

C:\Program Files\Microchip\xc8\v2.40\pic\sources\c99\common\fleq.c estimated size: 170

C:\Program Files\Microchip\xc8\v2.40\pic\sources\c99\common\__fpclassifyf.c
		___fpclassifyf 		CODE           	48FA	0000	254

C:\Program Files\Microchip\xc8\v2.40\pic\sources\c99\common\__fpclassifyf.c estimated size: 254

mcc_generated_files/pin_manager.c
		_PIN_MANAGER_Initialize		CODE           	4B96	0000	190

mcc_generated_files/pin_manager.c estimated size: 190

C:\Program Files\Microchip\xc8\v2.40\pic\sources\c99\common\isdigit.c
		_isdigit       		CODE           	5102	0000	44

C:\Program Files\Microchip\xc8\v2.40\pic\sources\c99\common\isdigit.c estimated size: 44

mcc_generated_files/spi1.c
		_SPI1_ReadBlock		CODE           	505E	0000	60
		_SPI1_Open     		CODE           	49F8	0000	212
		_SPI1_Initialize		CODE           	51D6	0000	26
		_SPI1_Close    		CODE           	5250	0000	6
		_SPI1_ExchangeByte		CODE           	519A	0000	32

mcc_generated_files/spi1.c estimated size: 336

C:\Program Files\Microchip\xc8\v2.40\pic\sources\c99\common\sprcadd.c
		___flsub       		CODE           	4F4A	0000	70
		___fladd       		CODE           	3088	0000	1216

C:\Program Files\Microchip\xc8\v2.40\pic\sources\c99\common\sprcadd.c estimated size: 1286

C:\Program Files\Microchip\xc8\v2.40\pic\sources\c99\common\floorf.c
		_floorf        		CODE           	40BE	0000	530

C:\Program Files\Microchip\xc8\v2.40\pic\sources\c99\common\floorf.c estimated size: 530

C:\Program Files\Microchip\xc8\v2.40\pic\sources\c99\common\flneg.c
		___flneg       		CODE           	509A	0000	56

C:\Program Files\Microchip\xc8\v2.40\pic\sources\c99\common\flneg.c estimated size: 56

C:\Program Files\Microchip\xc8\v2.40\pic\sources\c99\common\labs.c
		_labs          		CODE           	4DEC	0000	102

C:\Program Files\Microchip\xc8\v2.40\pic\sources\c99\common\labs.c estimated size: 102

C:\Program Files\Microchip\xc8\v2.40\pic\sources\c99\common\xxtofl.c
		___xxtofl      		CODE           	42D0	0000	436

C:\Program Files\Microchip\xc8\v2.40\pic\sources\c99\common\xxtofl.c estimated size: 436

mcc_generated_files/uart1.c
		_UART1_Write   		CODE           	51F0	0000	22
		_putch         		CODE           	5246	0000	10
		_UART1_SetFramingErrorHandler		CODE           	522A	0000	14
		_UART1_PutS    		CODE           	50D2	0000	48
		_UART1_SetOverrunErrorHandler		CODE           	521C	0000	14
		_UART1_Initialize		CODE           	4D78	0000	116
		_UART1_SetErrorHandler		CODE           	5238	0000	14

mcc_generated_files/uart1.c estimated size: 238

C:\Program Files\Microchip\xc8\v2.40\pic\sources\c99\common\nf_fputs.c
		_fputs         		CODE           	501A	0000	68

C:\Program Files\Microchip\xc8\v2.40\pic\sources\c99\common\nf_fputs.c estimated size: 68

shared
		__initialization		CODE           	5178	0000	28
		_spi1_configuration		SMALLCONST     	2601	0000	5

shared estimated size: 33

C:\Program Files\Microchip\xc8\v2.40\pic\sources\c99\common\strcpy.c
		_strcpy        		CODE           	4FD6	0000	68

C:\Program Files\Microchip\xc8\v2.40\pic\sources\c99\common\strcpy.c estimated size: 68

mcc_generated_files/mcc.c
		_PMD_Initialize		CODE           	5154	0000	36
		_OSCILLATOR_Initialize		CODE           	51BA	0000	28
		_SYSTEM_Initialize		CODE           	5206	0000	22

mcc_generated_files/mcc.c estimated size: 86

C:\Program Files\Microchip\xc8\v2.40\pic\sources\c99\common\flge.c
		___flge        		CODE           	47F6	0000	260

C:\Program Files\Microchip\xc8\v2.40\pic\sources\c99\common\flge.c estimated size: 260

C:\Program Files\Microchip\xc8\v2.40\pic\sources\c99\common\doprnt.c
		_vfpfcnvrt     		CODE           	3972	0000	946
		_efgtoa        		CODE           	2624	0000	2660
		_pad           		CODE           	4CFE	0000	122
		_vfprintf      		CODE           	4E52	0000	86

C:\Program Files\Microchip\xc8\v2.40\pic\sources\c99\common\doprnt.c estimated size: 3814

main.c
		_main          		CODE           	45E2	0000	270

main.c estimated size: 270

